%!Adobe-FontList 1.14
%Locale:0x409

%BeginFont
Handler:WinATMDataHandler
FontType:CMap
CMapName:78-EUC-H
Registry:Adobe
Ordering:Japan1
OutlineFileName:C:\Program Files (x86)\Common Files\Adobe\Fonts\Reqrd\CMaps\78-EUC-H
FileLength:14341
FileModTime:1008258640
%EndFont

%BeginFont
Handler:WinATMDataHandler
FontType:CMap
CMapName:78-EUC-V
Registry:Adobe
Ordering:Japan1
UseCMap:78-EUC-H
OutlineFileName:C:\Program Files (x86)\Common Files\Adobe\Fonts\Reqrd\CMaps\78-EUC-V
FileLength:2145
FileModTime:1008258640
%EndFont

%BeginFont
Handler:WinATMDataHandler
FontType:CMap
CMapName:78-H
Registry:Adobe
Ordering:Japan1
OutlineFileName:C:\Program Files (x86)\Common Files\Adobe\Fonts\Reqrd\CMaps\78-H
FileLength:14210
FileModTime:1008258640
%EndFont

%BeginFont
Handler:WinATMDataHandler
FontType:CMap
CMapName:78-RKSJ-H
Registry:Adobe
Ordering:Japan1
OutlineFileName:C:\Program Files (x86)\Common Files\Adobe\Fonts\Reqrd\CMaps\78-RKSJ-H
FileLength:14374
FileModTime:1008258640
%EndFont

%BeginFont
Handler:WinATMDataHandler
FontType:CMap
CMapName:78-RKSJ-V
Registry:Adobe
Ordering:Japan1
UseCMap:78-RKSJ-H
OutlineFileName:C:\Program Files (x86)\Common Files\Adobe\Fonts\Reqrd\CMaps\78-RKSJ-V
FileLength:2151
FileModTime:1008258640
%EndFont

%BeginFont
Handler:WinATMDataHandler
FontType:CMap
CMapName:78-V
Registry:Adobe
Ordering:Japan1
UseCMap:78-H
OutlineFileName:C:\Program Files (x86)\Common Files\Adobe\Fonts\Reqrd\CMaps\78-V
FileLength:2121
FileModTime:1008258640
%EndFont

%BeginFont
Handler:WinATMDataHandler
FontType:CMap
CMapName:78ms-RKSJ-H
Registry:Adobe
Ordering:Japan1
OutlineFileName:C:\Program Files (x86)\Common Files\Adobe\Fonts\Reqrd\CMaps\78ms-RKSJ-H
FileLength:16137
FileModTime:1008258640
%EndFont

%BeginFont
Handler:WinATMDataHandler
FontType:CMap
CMapName:78ms-RKSJ-V
Registry:Adobe
Ordering:Japan1
UseCMap:78ms-RKSJ-H
OutlineFileName:C:\Program Files (x86)\Common Files\Adobe\Fonts\Reqrd\CMaps\78ms-RKSJ-V
FileLength:3183
FileModTime:1008258640
%EndFont

%BeginFont
Handler:WinATMDataHandler
FontType:CMap
CMapName:83pv-RKSJ-H
Registry:Adobe
Ordering:Japan1
OutlineFileName:C:\Program Files (x86)\Common Files\Adobe\Fonts\Reqrd\CMaps\83pv-RKSJ-H
FileLength:6213
FileModTime:1008258640
%EndFont

%BeginFont
Handler:WinATMDataHandler
FontType:CMap
CMapName:90ms-RKSJ-H
Registry:Adobe
Ordering:Japan1
OutlineFileName:C:\Program Files (x86)\Common Files\Adobe\Fonts\Reqrd\CMaps\90ms-RKSJ-H
FileLength:5148
FileModTime:1008258640
%EndFont

%BeginFont
Handler:WinATMDataHandler
FontType:CMap
CMapName:90ms-RKSJ-V
Registry:Adobe
Ordering:Japan1
UseCMap:90ms-RKSJ-H
OutlineFileName:C:\Program Files (x86)\Common Files\Adobe\Fonts\Reqrd\CMaps\90ms-RKSJ-V
FileLength:3204
FileModTime:1008258640
%EndFont

%BeginFont
Handler:WinATMDataHandler
FontType:CMap
CMapName:90msp-RKSJ-H
Registry:Adobe
Ordering:Japan1
OutlineFileName:C:\Program Files (x86)\Common Files\Adobe\Fonts\Reqrd\CMaps\90msp-RKSJ-H
FileLength:5077
FileModTime:1008258640
%EndFont

%BeginFont
Handler:WinATMDataHandler
FontType:CMap
CMapName:90msp-RKSJ-V
Registry:Adobe
Ordering:Japan1
UseCMap:90msp-RKSJ-H
OutlineFileName:C:\Program Files (x86)\Common Files\Adobe\Fonts\Reqrd\CMaps\90msp-RKSJ-V
FileLength:3186
FileModTime:1008258640
%EndFont

%BeginFont
Handler:WinATMDataHandler
FontType:CMap
CMapName:90pv-RKSJ-H
Registry:Adobe
Ordering:Japan1
OutlineFileName:C:\Program Files (x86)\Common Files\Adobe\Fonts\Reqrd\CMaps\90pv-RKSJ-H
FileLength:6989
FileModTime:1008258640
%EndFont

%BeginFont
Handler:WinATMDataHandler
FontType:CMap
CMapName:90pv-RKSJ-V
Registry:Adobe
Ordering:Japan1
UseCMap:90pv-RKSJ-H
OutlineFileName:C:\Program Files (x86)\Common Files\Adobe\Fonts\Reqrd\CMaps\90pv-RKSJ-V
FileLength:2663
FileModTime:1008258640
%EndFont

%BeginFont
Handler:WinATMDataHandler
FontType:CMap
CMapName:Add-H
Registry:Adobe
Ordering:Japan1
OutlineFileName:C:\Program Files (x86)\Common Files\Adobe\Fonts\Reqrd\CMaps\Add-H
FileLength:14400
FileModTime:1008258640
%EndFont

%BeginFont
Handler:WinATMDataHandler
FontType:CMap
CMapName:Add-RKSJ-H
Registry:Adobe
Ordering:Japan1
OutlineFileName:C:\Program Files (x86)\Common Files\Adobe\Fonts\Reqrd\CMaps\Add-RKSJ-H
FileLength:14595
FileModTime:1008258640
%EndFont

%BeginFont
Handler:WinATMDataHandler
FontType:CMap
CMapName:Add-RKSJ-V
Registry:Adobe
Ordering:Japan1
UseCMap:Add-RKSJ-H
OutlineFileName:C:\Program Files (x86)\Common Files\Adobe\Fonts\Reqrd\CMaps\Add-RKSJ-V
FileLength:2777
FileModTime:1008258640
%EndFont

%BeginFont
Handler:WinATMDataHandler
FontType:CMap
CMapName:Add-V
Registry:Adobe
Ordering:Japan1
UseCMap:Add-H
OutlineFileName:C:\Program Files (x86)\Common Files\Adobe\Fonts\Reqrd\CMaps\Add-V
FileLength:2747
FileModTime:1008258640
%EndFont

%BeginFont
Handler:WinATMDataHandler
FontType:CMap
CMapName:Adobe-CNS1-0
Registry:Adobe
Ordering:CNS1
OutlineFileName:C:\Program Files (x86)\Common Files\Adobe\Fonts\Reqrd\CMaps\Adobe-CNS1-0
FileLength:2784
FileModTime:1008258622
%EndFont

%BeginFont
Handler:WinATMDataHandler
FontType:CMap
CMapName:Adobe-CNS1-1
Registry:Adobe
Ordering:CNS1
OutlineFileName:C:\Program Files (x86)\Common Files\Adobe\Fonts\Reqrd\CMaps\Adobe-CNS1-1
FileLength:2968
FileModTime:1008258622
%EndFont

%BeginFont
Handler:WinATMDataHandler
FontType:CMap
CMapName:Adobe-CNS1-2
Registry:Adobe
Ordering:CNS1
OutlineFileName:C:\Program Files (x86)\Common Files\Adobe\Fonts\Reqrd\CMaps\Adobe-CNS1-2
FileLength:2989
FileModTime:1008258622
%EndFont

%BeginFont
Handler:WinATMDataHandler
FontType:CMap
CMapName:Adobe-CNS1-3
Registry:Adobe
Ordering:CNS1
OutlineFileName:C:\Program Files (x86)\Common Files\Adobe\Fonts\Reqrd\CMaps\Adobe-CNS1-3
FileLength:3094
FileModTime:1008258622
%EndFont

%BeginFont
Handler:WinATMDataHandler
FontType:CMap
CMapName:Adobe-GB1-0
Registry:Adobe
Ordering:GB1
OutlineFileName:C:\Program Files (x86)\Common Files\Adobe\Fonts\Reqrd\CMaps\Adobe-GB1-0
FileLength:2222
FileModTime:1008258632
%EndFont

%BeginFont
Handler:WinATMDataHandler
FontType:CMap
CMapName:Adobe-GB1-1
Registry:Adobe
Ordering:GB1
OutlineFileName:C:\Program Files (x86)\Common Files\Adobe\Fonts\Reqrd\CMaps\Adobe-GB1-1
FileLength:2384
FileModTime:1008258632
%EndFont

%BeginFont
Handler:WinATMDataHandler
FontType:CMap
CMapName:Adobe-GB1-2
Registry:Adobe
Ordering:GB1
OutlineFileName:C:\Program Files (x86)\Common Files\Adobe\Fonts\Reqrd\CMaps\Adobe-GB1-2
FileLength:3386
FileModTime:1008258632
%EndFont

%BeginFont
Handler:WinATMDataHandler
FontType:CMap
CMapName:Adobe-GB1-3
Registry:Adobe
Ordering:GB1
OutlineFileName:C:\Program Files (x86)\Common Files\Adobe\Fonts\Reqrd\CMaps\Adobe-GB1-3
FileLength:3385
FileModTime:1008258632
%EndFont

%BeginFont
Handler:WinATMDataHandler
FontType:CMap
CMapName:Adobe-GB1-4
Registry:Adobe
Ordering:GB1
OutlineFileName:C:\Program Files (x86)\Common Files\Adobe\Fonts\Reqrd\CMaps\Adobe-GB1-4
FileLength:3967
FileModTime:1008258632
%EndFont

%BeginFont
Handler:WinATMDataHandler
FontType:CMap
CMapName:Adobe-Japan1-0
Registry:Adobe
Ordering:Japan1
OutlineFileName:C:\Program Files (x86)\Common Files\Adobe\Fonts\Reqrd\CMaps\Adobe-Japan1-0
FileLength:2273
FileModTime:1008258640
%EndFont

%BeginFont
Handler:WinATMDataHandler
FontType:CMap
CMapName:Adobe-Japan1-1
Registry:Adobe
Ordering:Japan1
OutlineFileName:C:\Program Files (x86)\Common Files\Adobe\Fonts\Reqrd\CMaps\Adobe-Japan1-1
FileLength:2274
FileModTime:1008258640
%EndFont

%BeginFont
Handler:WinATMDataHandler
FontType:CMap
CMapName:Adobe-Japan1-2
Registry:Adobe
Ordering:Japan1
OutlineFileName:C:\Program Files (x86)\Common Files\Adobe\Fonts\Reqrd\CMaps\Adobe-Japan1-2
FileLength:2314
FileModTime:1008258640
%EndFont

%BeginFont
Handler:WinATMDataHandler
FontType:CMap
CMapName:Adobe-Japan1-3
Registry:Adobe
Ordering:Japan1
OutlineFileName:C:\Program Files (x86)\Common Files\Adobe\Fonts\Reqrd\CMaps\Adobe-Japan1-3
FileLength:2325
FileModTime:1008258640
%EndFont

%BeginFont
Handler:WinATMDataHandler
FontType:CMap
CMapName:Adobe-Japan1-4
Registry:Adobe
Ordering:Japan1
OutlineFileName:C:\Program Files (x86)\Common Files\Adobe\Fonts\Reqrd\CMaps\Adobe-Japan1-4
FileLength:2827
FileModTime:1008258640
%EndFont

%BeginFont
Handler:WinATMDataHandler
FontType:CMap
CMapName:Adobe-Japan2-0
Registry:Adobe
Ordering:Japan2
OutlineFileName:C:\Program Files (x86)\Common Files\Adobe\Fonts\Reqrd\CMaps\Adobe-Japan2-0
FileLength:2091
FileModTime:1008258644
%EndFont

%BeginFont
Handler:WinATMDataHandler
FontType:CMap
CMapName:Adobe-Korea1-0
Registry:Adobe
Ordering:Korea1
OutlineFileName:C:\Program Files (x86)\Common Files\Adobe\Fonts\Reqrd\CMaps\Adobe-Korea1-0
FileLength:2368
FileModTime:1008258646
%EndFont

%BeginFont
Handler:WinATMDataHandler
FontType:CMap
CMapName:Adobe-Korea1-1
Registry:Adobe
Ordering:Korea1
OutlineFileName:C:\Program Files (x86)\Common Files\Adobe\Fonts\Reqrd\CMaps\Adobe-Korea1-1
FileLength:3059
FileModTime:1008258646
%EndFont

%BeginFont
Handler:WinATMDataHandler
FontType:CMap
CMapName:Adobe-Korea1-2
Registry:Adobe
Ordering:Korea1
OutlineFileName:C:\Program Files (x86)\Common Files\Adobe\Fonts\Reqrd\CMaps\Adobe-Korea1-2
FileLength:3058
FileModTime:1008258646
%EndFont

%BeginFont
Handler:WinATMDataHandler
FontType:CMap
CMapName:B5-H
Registry:Adobe
Ordering:CNS1
OutlineFileName:C:\Program Files (x86)\Common Files\Adobe\Fonts\Reqrd\CMaps\B5-H
FileLength:6645
FileModTime:1008258622
%EndFont

%BeginFont
Handler:WinATMDataHandler
FontType:CMap
CMapName:B5-V
Registry:Adobe
Ordering:CNS1
UseCMap:B5-H
OutlineFileName:C:\Program Files (x86)\Common Files\Adobe\Fonts\Reqrd\CMaps\B5-V
FileLength:1833
FileModTime:1008258622
%EndFont

%BeginFont
Handler:WinATMDataHandler
FontType:CMap
CMapName:B5pc-H
Registry:Adobe
Ordering:CNS1
OutlineFileName:C:\Program Files (x86)\Common Files\Adobe\Fonts\Reqrd\CMaps\B5pc-H
FileLength:6703
FileModTime:1008258622
%EndFont

%BeginFont
Handler:WinATMDataHandler
FontType:CMap
CMapName:B5pc-V
Registry:Adobe
Ordering:CNS1
UseCMap:B5pc-H
OutlineFileName:C:\Program Files (x86)\Common Files\Adobe\Fonts\Reqrd\CMaps\B5pc-V
FileLength:1845
FileModTime:1008258622
%EndFont

%BeginFont
Handler:WinATMDataHandler
FontType:CMap
CMapName:CNS2-H
Registry:Adobe
Ordering:CNS1
OutlineFileName:C:\Program Files (x86)\Common Files\Adobe\Fonts\Reqrd\CMaps\CNS2-H
FileLength:3254
FileModTime:1008258622
%EndFont

%BeginFont
Handler:WinATMDataHandler
FontType:CMap
CMapName:CNS2-V
Registry:Adobe
Ordering:CNS1
UseCMap:CNS2-H
OutlineFileName:C:\Program Files (x86)\Common Files\Adobe\Fonts\Reqrd\CMaps\CNS2-V
FileLength:1578
FileModTime:1008258622
%EndFont

%BeginFont
Handler:WinATMDataHandler
FontType:CMap
CMapName:ETen-B5-H
Registry:Adobe
Ordering:CNS1
OutlineFileName:C:\Program Files (x86)\Common Files\Adobe\Fonts\Reqrd\CMaps\ETen-B5-H
FileLength:6865
FileModTime:1008258622
%EndFont

%BeginFont
Handler:WinATMDataHandler
FontType:CMap
CMapName:ETen-B5-V
Registry:Adobe
Ordering:CNS1
UseCMap:ETen-B5-H
OutlineFileName:C:\Program Files (x86)\Common Files\Adobe\Fonts\Reqrd\CMaps\ETen-B5-V
FileLength:1884
FileModTime:1008258622
%EndFont

%BeginFont
Handler:WinATMDataHandler
FontType:CMap
CMapName:ETHK-B5-H
Registry:Adobe
Ordering:CNS1
OutlineFileName:C:\Program Files (x86)\Common Files\Adobe\Fonts\Reqrd\CMaps\ETHK-B5-H
FileLength:26903
FileModTime:1008258622
%EndFont

%BeginFont
Handler:WinATMDataHandler
FontType:CMap
CMapName:ETHK-B5-V
Registry:Adobe
Ordering:CNS1
UseCMap:ETHK-B5-H
OutlineFileName:C:\Program Files (x86)\Common Files\Adobe\Fonts\Reqrd\CMaps\ETHK-B5-V
FileLength:1864
FileModTime:1008258622
%EndFont

%BeginFont
Handler:WinATMDataHandler
FontType:CMap
CMapName:EUC-H
Registry:Adobe
Ordering:Japan1
OutlineFileName:C:\Program Files (x86)\Common Files\Adobe\Fonts\Reqrd\CMaps\EUC-H
FileLength:4101
FileModTime:1008258640
%EndFont

%BeginFont
Handler:WinATMDataHandler
FontType:CMap
CMapName:EUC-V
Registry:Adobe
Ordering:Japan1
UseCMap:EUC-H
OutlineFileName:C:\Program Files (x86)\Common Files\Adobe\Fonts\Reqrd\CMaps\EUC-V
FileLength:2147
FileModTime:1008258640
%EndFont

%BeginFont
Handler:WinATMDataHandler
FontType:CMap
CMapName:Ext-H
Registry:Adobe
Ordering:Japan1
OutlineFileName:C:\Program Files (x86)\Common Files\Adobe\Fonts\Reqrd\CMaps\Ext-H
FileLength:15000
FileModTime:1008258640
%EndFont

%BeginFont
Handler:WinATMDataHandler
FontType:CMap
CMapName:Ext-RKSJ-H
Registry:Adobe
Ordering:Japan1
OutlineFileName:C:\Program Files (x86)\Common Files\Adobe\Fonts\Reqrd\CMaps\Ext-RKSJ-H
FileLength:15194
FileModTime:1008258640
%EndFont

%BeginFont
Handler:WinATMDataHandler
FontType:CMap
CMapName:Ext-RKSJ-V
Registry:Adobe
Ordering:Japan1
UseCMap:Ext-RKSJ-H
OutlineFileName:C:\Program Files (x86)\Common Files\Adobe\Fonts\Reqrd\CMaps\Ext-RKSJ-V
FileLength:2417
FileModTime:1008258640
%EndFont

%BeginFont
Handler:WinATMDataHandler
FontType:CMap
CMapName:Ext-V
Registry:Adobe
Ordering:Japan1
UseCMap:Ext-H
OutlineFileName:C:\Program Files (x86)\Common Files\Adobe\Fonts\Reqrd\CMaps\Ext-V
FileLength:2387
FileModTime:1008258640
%EndFont

%BeginFont
Handler:WinATMDataHandler
FontType:CMap
CMapName:GB-EUC-H
Registry:Adobe
Ordering:GB1
OutlineFileName:C:\Program Files (x86)\Common Files\Adobe\Fonts\Reqrd\CMaps\GB-EUC-H
FileLength:3419
FileModTime:1008258632
%EndFont

%BeginFont
Handler:WinATMDataHandler
FontType:CMap
CMapName:GB-EUC-V
Registry:Adobe
Ordering:GB1
UseCMap:GB-EUC-H
OutlineFileName:C:\Program Files (x86)\Common Files\Adobe\Fonts\Reqrd\CMaps\GB-EUC-V
FileLength:2017
FileModTime:1008258632
%EndFont

%BeginFont
Handler:WinATMDataHandler
FontType:CMap
CMapName:GB-H
Registry:Adobe
Ordering:GB1
OutlineFileName:C:\Program Files (x86)\Common Files\Adobe\Fonts\Reqrd\CMaps\GB-H
FileLength:3307
FileModTime:1008258632
%EndFont

%BeginFont
Handler:WinATMDataHandler
FontType:CMap
CMapName:GB-V
Registry:Adobe
Ordering:GB1
UseCMap:GB-H
OutlineFileName:C:\Program Files (x86)\Common Files\Adobe\Fonts\Reqrd\CMaps\GB-V
FileLength:1993
FileModTime:1008258632
%EndFont

%BeginFont
Handler:WinATMDataHandler
FontType:CMap
CMapName:GBK-EUC-H
Registry:Adobe
Ordering:GB1
OutlineFileName:C:\Program Files (x86)\Common Files\Adobe\Fonts\Reqrd\CMaps\GBK-EUC-H
FileLength:86194
FileModTime:1008258632
%EndFont

%BeginFont
Handler:WinATMDataHandler
FontType:CMap
CMapName:GBK-EUC-V
Registry:Adobe
Ordering:GB1
UseCMap:GBK-EUC-H
OutlineFileName:C:\Program Files (x86)\Common Files\Adobe\Fonts\Reqrd\CMaps\GBK-EUC-V
FileLength:2005
FileModTime:1008258632
%EndFont

%BeginFont
Handler:WinATMDataHandler
FontType:CMap
CMapName:GBKp-EUC-H
Registry:Adobe
Ordering:GB1
OutlineFileName:C:\Program Files (x86)\Common Files\Adobe\Fonts\Reqrd\CMaps\GBKp-EUC-H
FileLength:86174
FileModTime:1008258634
%EndFont

%BeginFont
Handler:WinATMDataHandler
FontType:CMap
CMapName:GBKp-EUC-V
Registry:Adobe
Ordering:GB1
UseCMap:GBKp-EUC-H
OutlineFileName:C:\Program Files (x86)\Common Files\Adobe\Fonts\Reqrd\CMaps\GBKp-EUC-V
FileLength:2011
FileModTime:1008258634
%EndFont

%BeginFont
Handler:WinATMDataHandler
FontType:CMap
CMapName:GBpc-EUC-H
Registry:Adobe
Ordering:GB1
OutlineFileName:C:\Program Files (x86)\Common Files\Adobe\Fonts\Reqrd\CMaps\GBpc-EUC-H
FileLength:3449
FileModTime:1008258634
%EndFont

%BeginFont
Handler:WinATMDataHandler
FontType:CMap
CMapName:GBpc-EUC-V
Registry:Adobe
Ordering:GB1
UseCMap:GBpc-EUC-H
OutlineFileName:C:\Program Files (x86)\Common Files\Adobe\Fonts\Reqrd\CMaps\GBpc-EUC-V
FileLength:2029
FileModTime:1008258634
%EndFont

%BeginFont
Handler:WinATMDataHandler
FontType:CMap
CMapName:GBT-EUC-H
Registry:Adobe
Ordering:GB1
OutlineFileName:C:\Program Files (x86)\Common Files\Adobe\Fonts\Reqrd\CMaps\GBT-EUC-H
FileLength:48024
FileModTime:1008258634
%EndFont

%BeginFont
Handler:WinATMDataHandler
FontType:CMap
CMapName:GBT-EUC-V
Registry:Adobe
Ordering:GB1
UseCMap:GBT-EUC-H
OutlineFileName:C:\Program Files (x86)\Common Files\Adobe\Fonts\Reqrd\CMaps\GBT-EUC-V
FileLength:2025
FileModTime:1008258634
%EndFont

%BeginFont
Handler:WinATMDataHandler
FontType:CMap
CMapName:GBT-H
Registry:Adobe
Ordering:GB1
OutlineFileName:C:\Program Files (x86)\Common Files\Adobe\Fonts\Reqrd\CMaps\GBT-H
FileLength:47912
FileModTime:1008258634
%EndFont

%BeginFont
Handler:WinATMDataHandler
FontType:CMap
CMapName:GBT-V
Registry:Adobe
Ordering:GB1
UseCMap:GBT-H
OutlineFileName:C:\Program Files (x86)\Common Files\Adobe\Fonts\Reqrd\CMaps\GBT-V
FileLength:2001
FileModTime:1008258634
%EndFont

%BeginFont
Handler:WinATMDataHandler
FontType:CMap
CMapName:GBTpc-EUC-H
Registry:Adobe
Ordering:GB1
OutlineFileName:C:\Program Files (x86)\Common Files\Adobe\Fonts\Reqrd\CMaps\GBTpc-EUC-H
FileLength:48056
FileModTime:1008258634
%EndFont

%BeginFont
Handler:WinATMDataHandler
FontType:CMap
CMapName:GBTpc-EUC-V
Registry:Adobe
Ordering:GB1
UseCMap:GBTpc-EUC-H
OutlineFileName:C:\Program Files (x86)\Common Files\Adobe\Fonts\Reqrd\CMaps\GBTpc-EUC-V
FileLength:2037
FileModTime:1008258634
%EndFont

%BeginFont
Handler:WinATMDataHandler
FontType:CMap
CMapName:H
Registry:Adobe
Ordering:Japan1
OutlineFileName:C:\Program Files (x86)\Common Files\Adobe\Fonts\Reqrd\CMaps\H
FileLength:3960
FileModTime:1008258640
%EndFont

%BeginFont
Handler:WinATMDataHandler
FontType:CMap
CMapName:Hankaku
Registry:Adobe
Ordering:Japan1
OutlineFileName:C:\Program Files (x86)\Common Files\Adobe\Fonts\Reqrd\CMaps\Hankaku
FileLength:1728
FileModTime:1008258642
%EndFont

%BeginFont
Handler:WinATMDataHandler
FontType:CMap
CMapName:Hiragana
Registry:Adobe
Ordering:Japan1
OutlineFileName:C:\Program Files (x86)\Common Files\Adobe\Fonts\Reqrd\CMaps\Hiragana
FileLength:1700
FileModTime:1008258642
%EndFont

%BeginFont
Handler:WinATMDataHandler
FontType:CMap
CMapName:HKdla-B5-H
Registry:Adobe
Ordering:CNS1
OutlineFileName:C:\Program Files (x86)\Common Files\Adobe\Fonts\Reqrd\CMaps\HKdla-B5-H
FileLength:23221
FileModTime:1008258622
%EndFont

%BeginFont
Handler:WinATMDataHandler
FontType:CMap
CMapName:HKdla-B5-V
Registry:Adobe
Ordering:CNS1
UseCMap:HKdla-B5-H
OutlineFileName:C:\Program Files (x86)\Common Files\Adobe\Fonts\Reqrd\CMaps\HKdla-B5-V
FileLength:1849
FileModTime:1008258622
%EndFont

%BeginFont
Handler:WinATMDataHandler
FontType:CMap
CMapName:HKdlb-B5-H
Registry:Adobe
Ordering:CNS1
OutlineFileName:C:\Program Files (x86)\Common Files\Adobe\Fonts\Reqrd\CMaps\HKdlb-B5-H
FileLength:20763
FileModTime:1008258622
%EndFont

%BeginFont
Handler:WinATMDataHandler
FontType:CMap
CMapName:HKdlb-B5-V
Registry:Adobe
Ordering:CNS1
UseCMap:HKdlb-B5-H
OutlineFileName:C:\Program Files (x86)\Common Files\Adobe\Fonts\Reqrd\CMaps\HKdlb-B5-V
FileLength:1849
FileModTime:1008258622
%EndFont

%BeginFont
Handler:WinATMDataHandler
FontType:CMap
CMapName:HKgccs-B5-H
Registry:Adobe
Ordering:CNS1
OutlineFileName:C:\Program Files (x86)\Common Files\Adobe\Fonts\Reqrd\CMaps\HKgccs-B5-H
FileLength:13191
FileModTime:1008258622
%EndFont

%BeginFont
Handler:WinATMDataHandler
FontType:CMap
CMapName:HKgccs-B5-V
Registry:Adobe
Ordering:CNS1
UseCMap:HKgccs-B5-H
OutlineFileName:C:\Program Files (x86)\Common Files\Adobe\Fonts\Reqrd\CMaps\HKgccs-B5-V
FileLength:1855
FileModTime:1008258622
%EndFont

%BeginFont
Handler:WinATMDataHandler
FontType:CMap
CMapName:HKm314-B5-H
Registry:Adobe
Ordering:CNS1
OutlineFileName:C:\Program Files (x86)\Common Files\Adobe\Fonts\Reqrd\CMaps\HKm314-B5-H
FileLength:12995
FileModTime:1008258622
%EndFont

%BeginFont
Handler:WinATMDataHandler
FontType:CMap
CMapName:HKm314-B5-V
Registry:Adobe
Ordering:CNS1
UseCMap:HKm314-B5-H
OutlineFileName:C:\Program Files (x86)\Common Files\Adobe\Fonts\Reqrd\CMaps\HKm314-B5-V
FileLength:1855
FileModTime:1008258622
%EndFont

%BeginFont
Handler:WinATMDataHandler
FontType:CMap
CMapName:HKm471-B5-H
Registry:Adobe
Ordering:CNS1
OutlineFileName:C:\Program Files (x86)\Common Files\Adobe\Fonts\Reqrd\CMaps\HKm471-B5-H
FileLength:16115
FileModTime:1008258622
%EndFont

%BeginFont
Handler:WinATMDataHandler
FontType:CMap
CMapName:HKm471-B5-V
Registry:Adobe
Ordering:CNS1
UseCMap:HKm471-B5-H
OutlineFileName:C:\Program Files (x86)\Common Files\Adobe\Fonts\Reqrd\CMaps\HKm471-B5-V
FileLength:1855
FileModTime:1008258622
%EndFont

%BeginFont
Handler:WinATMDataHandler
FontType:CMap
CMapName:HKscs-B5-H
Registry:Adobe
Ordering:CNS1
OutlineFileName:C:\Program Files (x86)\Common Files\Adobe\Fonts\Reqrd\CMaps\HKscs-B5-H
FileLength:26997
FileModTime:1008258622
%EndFont

%BeginFont
Handler:WinATMDataHandler
FontType:CMap
CMapName:HKscs-B5-V
Registry:Adobe
Ordering:CNS1
UseCMap:HKscs-B5-H
OutlineFileName:C:\Program Files (x86)\Common Files\Adobe\Fonts\Reqrd\CMaps\HKscs-B5-V
FileLength:1870
FileModTime:1008258622
%EndFont

%BeginFont
Handler:WinATMDataHandler
FontType:CMap
CMapName:Identity-H
Registry:Adobe
Ordering:Identity
OutlineFileName:C:\Program Files (x86)\Common Files\Adobe\Fonts\Reqrd\CMaps\Identity-H
FileLength:6716
FileModTime:1008258638
%EndFont

%BeginFont
Handler:WinATMDataHandler
FontType:CMap
CMapName:Identity-V
Registry:Adobe
Ordering:Identity
UseCMap:Identity-H
OutlineFileName:C:\Program Files (x86)\Common Files\Adobe\Fonts\Reqrd\CMaps\Identity-V
FileLength:1249
FileModTime:1008258638
%EndFont

%BeginFont
Handler:WinATMDataHandler
FontType:CMap
CMapName:Katakana
Registry:Adobe
Ordering:Japan1
OutlineFileName:C:\Program Files (x86)\Common Files\Adobe\Fonts\Reqrd\CMaps\Katakana
FileLength:1610
FileModTime:1008258642
%EndFont

%BeginFont
Handler:WinATMDataHandler
FontType:CMap
CMapName:KSC-EUC-H
Registry:Adobe
Ordering:Korea1
OutlineFileName:C:\Program Files (x86)\Common Files\Adobe\Fonts\Reqrd\CMaps\KSC-EUC-H
FileLength:11109
FileModTime:1008258646
%EndFont

%BeginFont
Handler:WinATMDataHandler
FontType:CMap
CMapName:KSC-EUC-V
Registry:Adobe
Ordering:Korea1
UseCMap:KSC-EUC-H
OutlineFileName:C:\Program Files (x86)\Common Files\Adobe\Fonts\Reqrd\CMaps\KSC-EUC-V
FileLength:1949
FileModTime:1008258646
%EndFont

%BeginFont
Handler:WinATMDataHandler
FontType:CMap
CMapName:KSC-H
Registry:Adobe
Ordering:Korea1
OutlineFileName:C:\Program Files (x86)\Common Files\Adobe\Fonts\Reqrd\CMaps\KSC-H
FileLength:11012
FileModTime:1008258646
%EndFont

%BeginFont
Handler:WinATMDataHandler
FontType:CMap
CMapName:KSC-Johab-H
Registry:Adobe
Ordering:Korea1
OutlineFileName:C:\Program Files (x86)\Common Files\Adobe\Fonts\Reqrd\CMaps\KSC-Johab-H
FileLength:87414
FileModTime:1008258646
%EndFont

%BeginFont
Handler:WinATMDataHandler
FontType:CMap
CMapName:KSC-Johab-V
Registry:Adobe
Ordering:Korea1
UseCMap:KSC-Johab-H
OutlineFileName:C:\Program Files (x86)\Common Files\Adobe\Fonts\Reqrd\CMaps\KSC-Johab-V
FileLength:1963
FileModTime:1008258646
%EndFont

%BeginFont
Handler:WinATMDataHandler
FontType:CMap
CMapName:KSC-V
Registry:Adobe
Ordering:Korea1
UseCMap:KSC-H
OutlineFileName:C:\Program Files (x86)\Common Files\Adobe\Fonts\Reqrd\CMaps\KSC-V
FileLength:1925
FileModTime:1008258646
%EndFont

%BeginFont
Handler:WinATMDataHandler
FontType:CMap
CMapName:KSCms-UHC-H
Registry:Adobe
Ordering:Korea1
OutlineFileName:C:\Program Files (x86)\Common Files\Adobe\Fonts\Reqrd\CMaps\KSCms-UHC-H
FileLength:15535
FileModTime:1008258646
%EndFont

%BeginFont
Handler:WinATMDataHandler
FontType:CMap
CMapName:KSCms-UHC-HW-H
Registry:Adobe
Ordering:Korea1
OutlineFileName:C:\Program Files (x86)\Common Files\Adobe\Fonts\Reqrd\CMaps\KSCms-UHC-HW-H
FileLength:15530
FileModTime:1008258646
%EndFont

%BeginFont
Handler:WinATMDataHandler
FontType:CMap
CMapName:KSCms-UHC-HW-V
Registry:Adobe
Ordering:Korea1
UseCMap:KSCms-UHC-HW-H
OutlineFileName:C:\Program Files (x86)\Common Files\Adobe\Fonts\Reqrd\CMaps\KSCms-UHC-HW-V
FileLength:1961
FileModTime:1008258646
%EndFont

%BeginFont
Handler:WinATMDataHandler
FontType:CMap
CMapName:KSCms-UHC-V
Registry:Adobe
Ordering:Korea1
UseCMap:KSCms-UHC-H
OutlineFileName:C:\Program Files (x86)\Common Files\Adobe\Fonts\Reqrd\CMaps\KSCms-UHC-V
FileLength:1963
FileModTime:1008258646
%EndFont

%BeginFont
Handler:WinATMDataHandler
FontType:CMap
CMapName:KSCpc-EUC-H
Registry:Adobe
Ordering:Korea1
OutlineFileName:C:\Program Files (x86)\Common Files\Adobe\Fonts\Reqrd\CMaps\KSCpc-EUC-H
FileLength:11982
FileModTime:1008258648
%EndFont

%BeginFont
Handler:WinATMDataHandler
FontType:CMap
CMapName:KSCpc-EUC-V
Registry:Adobe
Ordering:Korea1
UseCMap:KSCpc-EUC-H
OutlineFileName:C:\Program Files (x86)\Common Files\Adobe\Fonts\Reqrd\CMaps\KSCpc-EUC-V
FileLength:1961
FileModTime:1008258648
%EndFont

%BeginFont
Handler:WinATMDataHandler
FontType:CMap
CMapName:NWP-H
Registry:Adobe
Ordering:Japan1
OutlineFileName:C:\Program Files (x86)\Common Files\Adobe\Fonts\Reqrd\CMaps\NWP-H
FileLength:16974
FileModTime:1008258642
%EndFont

%BeginFont
Handler:WinATMDataHandler
FontType:CMap
CMapName:NWP-V
Registry:Adobe
Ordering:Japan1
UseCMap:NWP-H
OutlineFileName:C:\Program Files (x86)\Common Files\Adobe\Fonts\Reqrd\CMaps\NWP-V
FileLength:2547
FileModTime:1008258642
%EndFont

%BeginFont
Handler:WinATMDataHandler
FontType:CMap
CMapName:RKSJ-H
Registry:Adobe
Ordering:Japan1
OutlineFileName:C:\Program Files (x86)\Common Files\Adobe\Fonts\Reqrd\CMaps\RKSJ-H
FileLength:4153
FileModTime:1008258642
%EndFont

%BeginFont
Handler:WinATMDataHandler
FontType:CMap
CMapName:RKSJ-V
Registry:Adobe
Ordering:Japan1
UseCMap:RKSJ-H
OutlineFileName:C:\Program Files (x86)\Common Files\Adobe\Fonts\Reqrd\CMaps\RKSJ-V
FileLength:2153
FileModTime:1008258642
%EndFont

%BeginFont
Handler:WinATMDataHandler
FontType:CMap
CMapName:Roman
Registry:Adobe
Ordering:Japan1
OutlineFileName:C:\Program Files (x86)\Common Files\Adobe\Fonts\Reqrd\CMaps\Roman
FileLength:1586
FileModTime:1008258642
%EndFont

%BeginFont
Handler:WinATMDataHandler
FontType:CMap
CMapName:UniCNS-UCS2-H
Registry:Adobe
Ordering:CNS1
OutlineFileName:C:\Program Files (x86)\Common Files\Adobe\Fonts\Reqrd\CMaps\UniCNS-UCS2-H
FileLength:342160
FileModTime:1008258626
%EndFont

%BeginFont
Handler:WinATMDataHandler
FontType:CMap
CMapName:UniCNS-UCS2-V
Registry:Adobe
Ordering:CNS1
UseCMap:UniCNS-UCS2-H
OutlineFileName:C:\Program Files (x86)\Common Files\Adobe\Fonts\Reqrd\CMaps\UniCNS-UCS2-V
FileLength:1880
FileModTime:1008258626
%EndFont

%BeginFont
Handler:WinATMDataHandler
FontType:CMap
CMapName:UniGB-UCS2-H
Registry:Adobe
Ordering:GB1
OutlineFileName:C:\Program Files (x86)\Common Files\Adobe\Fonts\Reqrd\CMaps\UniGB-UCS2-H
FileLength:287523
FileModTime:1008258636
%EndFont

%BeginFont
Handler:WinATMDataHandler
FontType:CMap
CMapName:UniGB-UCS2-V
Registry:Adobe
Ordering:GB1
UseCMap:UniGB-UCS2-H
OutlineFileName:C:\Program Files (x86)\Common Files\Adobe\Fonts\Reqrd\CMaps\UniGB-UCS2-V
FileLength:2087
FileModTime:1008258636
%EndFont

%BeginFont
Handler:WinATMDataHandler
FontType:CMap
CMapName:UniJIS-UCS2-H
Registry:Adobe
Ordering:Japan1
OutlineFileName:C:\Program Files (x86)\Common Files\Adobe\Fonts\Reqrd\CMaps\UniJIS-UCS2-H
FileLength:176286
FileModTime:1008258642
%EndFont

%BeginFont
Handler:WinATMDataHandler
FontType:CMap
CMapName:UniJIS-UCS2-HW-H
Registry:Adobe
Ordering:Japan1
UseCMap:UniJIS-UCS2-H
OutlineFileName:C:\Program Files (x86)\Common Files\Adobe\Fonts\Reqrd\CMaps\UniJIS-UCS2-HW-H
FileLength:1720
FileModTime:1008258642
%EndFont

%BeginFont
Handler:WinATMDataHandler
FontType:CMap
CMapName:UniJIS-UCS2-HW-V
Registry:Adobe
Ordering:Japan1
UseCMap:UniJIS-UCS2-H
OutlineFileName:C:\Program Files (x86)\Common Files\Adobe\Fonts\Reqrd\CMaps\UniJIS-UCS2-HW-V
FileLength:5689
FileModTime:1008258642
%EndFont

%BeginFont
Handler:WinATMDataHandler
FontType:CMap
CMapName:UniJIS-UCS2-V
Registry:Adobe
Ordering:Japan1
UseCMap:UniJIS-UCS2-H
OutlineFileName:C:\Program Files (x86)\Common Files\Adobe\Fonts\Reqrd\CMaps\UniJIS-UCS2-V
FileLength:5603
FileModTime:1008258642
%EndFont

%BeginFont
Handler:WinATMDataHandler
FontType:CMap
CMapName:UniJISB-UCS2-H
Registry:Adobe
Ordering:Japan1
OutlineFileName:C:\Program Files (x86)\Common Files\Adobe\Fonts\Reqrd\CMaps\UniJISB-UCS2-H
FileLength:141944
FileModTime:1006670780
%EndFont

%BeginFont
Handler:WinATMDataHandler
FontType:CMap
CMapName:UniJISPro-UCS2-HW-V
Registry:Adobe
Ordering:Japan1
UseCMap:UniJIS-UCS2-H
OutlineFileName:C:\Program Files (x86)\Common Files\Adobe\Fonts\Reqrd\CMaps\UniJISPro-UCS2-HW-V
FileLength:5835
FileModTime:1008258644
%EndFont

%BeginFont
Handler:WinATMDataHandler
FontType:CMap
CMapName:UniJISPro-UCS2-V
Registry:Adobe
Ordering:Japan1
UseCMap:UniJIS-UCS2-H
OutlineFileName:C:\Program Files (x86)\Common Files\Adobe\Fonts\Reqrd\CMaps\UniJISPro-UCS2-V
FileLength:5717
FileModTime:1008258644
%EndFont

%BeginFont
Handler:WinATMDataHandler
FontType:CMap
CMapName:UniKS-UCS2-H
Registry:Adobe
Ordering:Korea1
OutlineFileName:C:\Program Files (x86)\Common Files\Adobe\Fonts\Reqrd\CMaps\UniKS-UCS2-H
FileLength:173553
FileModTime:1008258648
%EndFont

%BeginFont
Handler:WinATMDataHandler
FontType:CMap
CMapName:UniKS-UCS2-V
Registry:Adobe
Ordering:Korea1
UseCMap:UniKS-UCS2-H
OutlineFileName:C:\Program Files (x86)\Common Files\Adobe\Fonts\Reqrd\CMaps\UniKS-UCS2-V
FileLength:1990
FileModTime:1008258648
%EndFont

%BeginFont
Handler:WinATMDataHandler
FontType:CMap
CMapName:V
Registry:Adobe
Ordering:Japan1
UseCMap:H
OutlineFileName:C:\Program Files (x86)\Common Files\Adobe\Fonts\Reqrd\CMaps\V
FileLength:2123
FileModTime:1008258644
%EndFont

%BeginFont
Handler:WinATMDataHandler
FontType:CMap
CMapName:WP-Symbol
Registry:Adobe
Ordering:Japan1
OutlineFileName:C:\Program Files (x86)\Common Files\Adobe\Fonts\Reqrd\CMaps\WP-Symbol
FileLength:2017
FileModTime:1008258644
%EndFont

%BeginFont
Handler:DirectoryHandler
FontType:Type1
FontName:Courier-BoldOblique
FamilyName:Courier
StyleName:Bold Oblique
FullName:Courier Bold Oblique
MenuName:Courier
StyleBits:3
WritingScript:Roman
OutlineFileName:C:\Program Files (x86)\Common Files\Adobe\Fonts\Reqrd\Base\cobo____.pfb
DataFormat:Plain
UsesStandardEncoding:yes
isCFF:no
FileLength:50532
FileModTime:989386894
WeightClass:700
WidthClass:5
AngleClass:1
DesignSize:-1
%EndFont

%BeginFont
Handler:DirectoryHandler
FontType:Type1
FontName:Courier-Bold
FamilyName:Courier
StyleName:Bold
FullName:Courier Bold
MenuName:Courier
StyleBits:2
WritingScript:Roman
OutlineFileName:C:\Program Files (x86)\Common Files\Adobe\Fonts\Reqrd\Base\cob_____.pfb
DataFormat:Plain
UsesStandardEncoding:yes
isCFF:no
FileLength:35500
FileModTime:989386894
WeightClass:700
WidthClass:5
AngleClass:0
DesignSize:-1
%EndFont

%BeginFont
Handler:DirectoryHandler
FontType:Type1
FontName:Courier
FamilyName:Courier
StyleName:Medium
FullName:Courier
MenuName:Courier
StyleBits:0
WritingScript:Roman
OutlineFileName:C:\Program Files (x86)\Common Files\Adobe\Fonts\Reqrd\Base\com_____.pfb
DataFormat:Plain
UsesStandardEncoding:yes
isCFF:no
FileLength:34585
FileModTime:989386894
WeightClass:400
WidthClass:5
AngleClass:0
DesignSize:-1
%EndFont

%BeginFont
Handler:DirectoryHandler
FontType:Type1
FontName:Courier-Oblique
FamilyName:Courier
StyleName:Oblique
FullName:Courier Oblique
MenuName:Courier
StyleBits:1
WritingScript:Roman
OutlineFileName:C:\Program Files (x86)\Common Files\Adobe\Fonts\Reqrd\Base\coo_____.pfb
DataFormat:Plain
UsesStandardEncoding:yes
isCFF:no
FileLength:48468
FileModTime:989386894
WeightClass:400
WidthClass:5
AngleClass:1
DesignSize:-1
%EndFont

%BeginFont
Handler:DirectoryHandler
FontType:Type1
FontName:Minion-BoldItalic
FamilyName:Minion
StyleName:Bold Italic
FullName:Minion Bold Italic
MenuName:Minion Bold
StyleBits:1
WritingScript:Roman
OutlineFileName:C:\Program Files (x86)\Common Files\Adobe\Fonts\Reqrd\Base\MOBI____.PFB
DataFormat:Plain
UsesStandardEncoding:yes
isCFF:no
FileLength:39692
FileModTime:696805248
WeightClass:700
WidthClass:5
AngleClass:1
DesignSize:-1
%EndFont

%BeginFont
Handler:DirectoryHandler
FontType:PFM
FontName:Minion-BoldItalic
NumMMAxes:0
OutlineFileName:C:\Program Files (x86)\Common Files\Adobe\Fonts\Reqrd\Base\MOBI____.PFM
FileLength:4266
FileModTime:788018460
%EndFont

%BeginFont
Handler:DirectoryHandler
FontType:Type1
FontName:Minion-Bold
FamilyName:Minion
StyleName:Bold
FullName:Minion Bold
MenuName:Minion Bold
StyleBits:0
WritingScript:Roman
OutlineFileName:C:\Program Files (x86)\Common Files\Adobe\Fonts\Reqrd\Base\MOB_____.PFB
DataFormat:Plain
UsesStandardEncoding:yes
isCFF:no
FileLength:37278
FileModTime:696805196
WeightClass:700
WidthClass:5
AngleClass:0
DesignSize:-1
%EndFont

%BeginFont
Handler:DirectoryHandler
FontType:PFM
FontName:Minion-Bold
NumMMAxes:0
OutlineFileName:C:\Program Files (x86)\Common Files\Adobe\Fonts\Reqrd\Base\MOB_____.PFM
FileLength:4056
FileModTime:788018460
%EndFont

%BeginFont
Handler:DirectoryHandler
FontType:Type1
FontName:Minion-Italic
FamilyName:Minion
StyleName:Italic
FullName:Minion Italic
MenuName:Minion
StyleBits:1
WritingScript:Roman
OutlineFileName:C:\Program Files (x86)\Common Files\Adobe\Fonts\Reqrd\Base\MOI_____.PFB
DataFormat:Plain
UsesStandardEncoding:yes
isCFF:no
FileLength:40117
FileModTime:696805054
WeightClass:400
WidthClass:5
AngleClass:1
DesignSize:-1
%EndFont

%BeginFont
Handler:DirectoryHandler
FontType:PFM
FontName:Minion-Italic
NumMMAxes:0
OutlineFileName:C:\Program Files (x86)\Common Files\Adobe\Fonts\Reqrd\Base\MOI_____.PFM
FileLength:4221
FileModTime:788018460
%EndFont

%BeginFont
Handler:DirectoryHandler
FontType:Type1
FontName:Minion-Regular
FamilyName:Minion
StyleName:Regular
FullName:Minion Regular
MenuName:Minion
StyleBits:0
WritingScript:Roman
OutlineFileName:C:\Program Files (x86)\Common Files\Adobe\Fonts\Reqrd\Base\MORG____.PFB
DataFormat:Plain
UsesStandardEncoding:yes
isCFF:no
FileLength:36691
FileModTime:696805000
WeightClass:400
WidthClass:5
AngleClass:0
DesignSize:-1
%EndFont

%BeginFont
Handler:DirectoryHandler
FontType:PFM
FontName:Minion-Regular
NumMMAxes:0
OutlineFileName:C:\Program Files (x86)\Common Files\Adobe\Fonts\Reqrd\Base\MORG____.PFM
FileLength:4114
FileModTime:788018460
%EndFont

%BeginFont
Handler:DirectoryHandler
FontType:Type1
FontName:Symbol
FamilyName:Symbol
StyleName:Medium
FullName:Symbol
MenuName:Symbol
StyleBits:0
WritingScript:Roman
OutlineFileName:C:\Program Files (x86)\Common Files\Adobe\Fonts\Reqrd\Base\SY______.PFB
DataFormat:Plain
UsesStandardEncoding:no
isCFF:no
FileLength:34705
FileModTime:989386896
WeightClass:400
WidthClass:5
AngleClass:0
DesignSize:-1
%EndFont

%BeginFont
Handler:DirectoryHandler
FontType:Type1
FontName:Myriad-BoldItalic
FamilyName:Myriad
StyleName:Bold Italic
FullName:Myriad Bold Italic
MenuName:Myriad Roman
StyleBits:3
WritingScript:Roman
OutlineFileName:C:\Program Files (x86)\Common Files\Adobe\Fonts\Reqrd\Base\wmbi____.pfb
DataFormat:Plain
UsesStandardEncoding:yes
isCFF:no
FileLength:31515
FileModTime:946940678
WeightClass:700
WidthClass:5
AngleClass:1
DesignSize:-1
%EndFont

%BeginFont
Handler:DirectoryHandler
FontType:PFM
FontName:Myriad-BoldItalic
NumMMAxes:0
OutlineFileName:C:\Program Files (x86)\Common Files\Adobe\Fonts\Reqrd\Base\wmbi____.pfm
FileLength:4115
FileModTime:946940678
%EndFont

%BeginFont
Handler:DirectoryHandler
FontType:Type1
FontName:Myriad-Bold
FamilyName:Myriad
StyleName:Bold
FullName:Myriad Bold
MenuName:Myriad Roman
StyleBits:2
WritingScript:Roman
OutlineFileName:C:\Program Files (x86)\Common Files\Adobe\Fonts\Reqrd\Base\wmb_____.pfb
DataFormat:Plain
UsesStandardEncoding:yes
isCFF:no
FileLength:31784
FileModTime:946940678
WeightClass:700
WidthClass:5
AngleClass:0
DesignSize:-1
%EndFont

%BeginFont
Handler:DirectoryHandler
FontType:PFM
FontName:Myriad-Bold
NumMMAxes:0
OutlineFileName:C:\Program Files (x86)\Common Files\Adobe\Fonts\Reqrd\Base\wmb_____.pfm
FileLength:4073
FileModTime:946940678
%EndFont

%BeginFont
Handler:DirectoryHandler
FontType:Type1
FontName:Myriad-Italic
FamilyName:Myriad
StyleName:Italic
FullName:Myriad Italic
MenuName:Myriad Roman
StyleBits:1
WritingScript:Roman
OutlineFileName:C:\Program Files (x86)\Common Files\Adobe\Fonts\Reqrd\Base\wmi_____.pfb
DataFormat:Plain
UsesStandardEncoding:yes
isCFF:no
FileLength:30232
FileModTime:946940680
WeightClass:400
WidthClass:5
AngleClass:1
DesignSize:-1
%EndFont

%BeginFont
Handler:DirectoryHandler
FontType:PFM
FontName:Myriad-Italic
NumMMAxes:0
OutlineFileName:C:\Program Files (x86)\Common Files\Adobe\Fonts\Reqrd\Base\wmi_____.pfm
FileLength:4207
FileModTime:946940680
%EndFont

%BeginFont
Handler:DirectoryHandler
FontType:Type1
FontName:Myriad-Roman
FamilyName:Myriad
StyleName:Roman
FullName:Myriad Roman
MenuName:Myriad Roman
StyleBits:0
WritingScript:Roman
OutlineFileName:C:\Program Files (x86)\Common Files\Adobe\Fonts\Reqrd\Base\wmr_____.pfb
DataFormat:Plain
UsesStandardEncoding:yes
isCFF:no
FileLength:30303
FileModTime:946940680
WeightClass:400
WidthClass:5
AngleClass:0
DesignSize:-1
%EndFont

%BeginFont
Handler:DirectoryHandler
FontType:PFM
FontName:Myriad-Roman
NumMMAxes:0
OutlineFileName:C:\Program Files (x86)\Common Files\Adobe\Fonts\Reqrd\Base\wmr_____.pfm
FileLength:4106
FileModTime:946940680
%EndFont

%BeginFont
Handler:DirectoryHandler
FontType:Type1
FontName:ZapfDingbats
FamilyName:ITC Zapf Dingbats
StyleName:Medium
FullName:ITC Zapf Dingbats
MenuName:ZapfDingbats
StyleBits:0
WritingScript:Roman
OutlineFileName:C:\Program Files (x86)\Common Files\Adobe\Fonts\Reqrd\Base\ZD______.PFB
DataFormat:Plain
UsesStandardEncoding:no
isCFF:no
FileLength:49593
FileModTime:989386896
WeightClass:400
WidthClass:5
AngleClass:0
DesignSize:-1
%EndFont

%BeginFont
Handler:DirectoryHandler
FontType:PFM
FontName:Courier-BoldOblique
NumMMAxes:0
OutlineFileName:C:\Program Files (x86)\Common Files\Adobe\Fonts\Reqrd\Base\pfm\COBO____.PFM
FileLength:686
FileModTime:989386986
%EndFont

%BeginFont
Handler:DirectoryHandler
FontType:PFM
FontName:Courier-Bold
NumMMAxes:0
OutlineFileName:C:\Program Files (x86)\Common Files\Adobe\Fonts\Reqrd\Base\pfm\COB_____.PFM
FileLength:679
FileModTime:989386986
%EndFont

%BeginFont
Handler:DirectoryHandler
FontType:PFM
FontName:Courier
NumMMAxes:0
OutlineFileName:C:\Program Files (x86)\Common Files\Adobe\Fonts\Reqrd\Base\pfm\COM_____.PFM
FileLength:674
FileModTime:989386986
%EndFont

%BeginFont
Handler:DirectoryHandler
FontType:PFM
FontName:Courier-Oblique
NumMMAxes:0
OutlineFileName:C:\Program Files (x86)\Common Files\Adobe\Fonts\Reqrd\Base\pfm\COO_____.PFM
FileLength:682
FileModTime:989386986
%EndFont

%BeginFont
Handler:DirectoryHandler
FontType:PFM
FontName:Symbol
NumMMAxes:0
OutlineFileName:C:\Program Files (x86)\Common Files\Adobe\Fonts\Reqrd\Base\pfm\SY______.PFM
FileLength:672
FileModTime:989386986
%EndFont

%BeginFont
Handler:DirectoryHandler
FontType:PFM
FontName:ZapfDingbats
NumMMAxes:0
OutlineFileName:C:\Program Files (x86)\Common Files\Adobe\Fonts\Reqrd\Base\pfm\ZD______.PFM
FileLength:684
FileModTime:989386986
%EndFont

