%!Adobe-FontList 1.14
%Locale:0x409

%BeginFont
Handler:DirectoryHandler
FontType:CMap
CMapName:78-EUC-H
Registry:Adobe
Ordering:Japan1
OutlineFileName:C:\Program Files (x86)\Common Files\Adobe\TypeSupport\CS6\CMaps\78-EUC-H
FileLength:15591
FileModTime:1326959962
%EndFont

%BeginFont
Handler:DirectoryHandler
FontType:CMap
CMapName:78-EUC-V
Registry:Adobe
Ordering:Japan1
UseCMap:78-EUC-H
OutlineFileName:C:\Program Files (x86)\Common Files\Adobe\TypeSupport\CS6\CMaps\78-EUC-V
FileLength:3395
FileModTime:1326959962
%EndFont

%BeginFont
Handler:DirectoryHandler
FontType:CMap
CMapName:78-H
Registry:Adobe
Ordering:Japan1
OutlineFileName:C:\Program Files (x86)\Common Files\Adobe\TypeSupport\CS6\CMaps\78-H
FileLength:15460
FileModTime:1326959962
%EndFont

%BeginFont
Handler:DirectoryHandler
FontType:CMap
CMapName:78-RKSJ-H
Registry:Adobe
Ordering:Japan1
OutlineFileName:C:\Program Files (x86)\Common Files\Adobe\TypeSupport\CS6\CMaps\78-RKSJ-H
FileLength:15624
FileModTime:1326959962
%EndFont

%BeginFont
Handler:DirectoryHandler
FontType:CMap
CMapName:78-RKSJ-V
Registry:Adobe
Ordering:Japan1
UseCMap:78-RKSJ-H
OutlineFileName:C:\Program Files (x86)\Common Files\Adobe\TypeSupport\CS6\CMaps\78-RKSJ-V
FileLength:3401
FileModTime:1326959962
%EndFont

%BeginFont
Handler:DirectoryHandler
FontType:CMap
CMapName:78-V
Registry:Adobe
Ordering:Japan1
UseCMap:78-H
OutlineFileName:C:\Program Files (x86)\Common Files\Adobe\TypeSupport\CS6\CMaps\78-V
FileLength:3371
FileModTime:1326959962
%EndFont

%BeginFont
Handler:DirectoryHandler
FontType:CMap
CMapName:78ms-RKSJ-H
Registry:Adobe
Ordering:Japan1
OutlineFileName:C:\Program Files (x86)\Common Files\Adobe\TypeSupport\CS6\CMaps\78ms-RKSJ-H
FileLength:17387
FileModTime:1326959962
%EndFont

%BeginFont
Handler:DirectoryHandler
FontType:CMap
CMapName:78ms-RKSJ-V
Registry:Adobe
Ordering:Japan1
UseCMap:78ms-RKSJ-H
OutlineFileName:C:\Program Files (x86)\Common Files\Adobe\TypeSupport\CS6\CMaps\78ms-RKSJ-V
FileLength:4433
FileModTime:1326959962
%EndFont

%BeginFont
Handler:DirectoryHandler
FontType:CMap
CMapName:83pv-RKSJ-H
Registry:Adobe
Ordering:Japan1
OutlineFileName:C:\Program Files (x86)\Common Files\Adobe\TypeSupport\CS6\CMaps\83pv-RKSJ-H
FileLength:7463
FileModTime:1326959962
%EndFont

%BeginFont
Handler:DirectoryHandler
FontType:CMap
CMapName:90ms-RKSJ-H
Registry:Adobe
Ordering:Japan1
OutlineFileName:C:\Program Files (x86)\Common Files\Adobe\TypeSupport\CS6\CMaps\90ms-RKSJ-H
FileLength:6398
FileModTime:1326959962
%EndFont

%BeginFont
Handler:DirectoryHandler
FontType:CMap
CMapName:90ms-RKSJ-V
Registry:Adobe
Ordering:Japan1
UseCMap:90ms-RKSJ-H
OutlineFileName:C:\Program Files (x86)\Common Files\Adobe\TypeSupport\CS6\CMaps\90ms-RKSJ-V
FileLength:4454
FileModTime:1326959962
%EndFont

%BeginFont
Handler:DirectoryHandler
FontType:CMap
CMapName:90msp-RKSJ-H
Registry:Adobe
Ordering:Japan1
OutlineFileName:C:\Program Files (x86)\Common Files\Adobe\TypeSupport\CS6\CMaps\90msp-RKSJ-H
FileLength:6327
FileModTime:1326959964
%EndFont

%BeginFont
Handler:DirectoryHandler
FontType:CMap
CMapName:90msp-RKSJ-V
Registry:Adobe
Ordering:Japan1
UseCMap:90msp-RKSJ-H
OutlineFileName:C:\Program Files (x86)\Common Files\Adobe\TypeSupport\CS6\CMaps\90msp-RKSJ-V
FileLength:4436
FileModTime:1326959964
%EndFont

%BeginFont
Handler:DirectoryHandler
FontType:CMap
CMapName:90pv-RKSJ-H
Registry:Adobe
Ordering:Japan1
OutlineFileName:C:\Program Files (x86)\Common Files\Adobe\TypeSupport\CS6\CMaps\90pv-RKSJ-H
FileLength:8239
FileModTime:1326959964
%EndFont

%BeginFont
Handler:DirectoryHandler
FontType:CMap
CMapName:90pv-RKSJ-V
Registry:Adobe
Ordering:Japan1
UseCMap:90pv-RKSJ-H
OutlineFileName:C:\Program Files (x86)\Common Files\Adobe\TypeSupport\CS6\CMaps\90pv-RKSJ-V
FileLength:3913
FileModTime:1326959964
%EndFont

%BeginFont
Handler:DirectoryHandler
FontType:CMap
CMapName:Add-H
Registry:Adobe
Ordering:Japan1
OutlineFileName:C:\Program Files (x86)\Common Files\Adobe\TypeSupport\CS6\CMaps\Add-H
FileLength:15650
FileModTime:1326959964
%EndFont

%BeginFont
Handler:DirectoryHandler
FontType:CMap
CMapName:Add-RKSJ-H
Registry:Adobe
Ordering:Japan1
OutlineFileName:C:\Program Files (x86)\Common Files\Adobe\TypeSupport\CS6\CMaps\Add-RKSJ-H
FileLength:15845
FileModTime:1326959964
%EndFont

%BeginFont
Handler:DirectoryHandler
FontType:CMap
CMapName:Add-RKSJ-V
Registry:Adobe
Ordering:Japan1
UseCMap:Add-RKSJ-H
OutlineFileName:C:\Program Files (x86)\Common Files\Adobe\TypeSupport\CS6\CMaps\Add-RKSJ-V
FileLength:4027
FileModTime:1326959964
%EndFont

%BeginFont
Handler:DirectoryHandler
FontType:CMap
CMapName:Add-V
Registry:Adobe
Ordering:Japan1
UseCMap:Add-H
OutlineFileName:C:\Program Files (x86)\Common Files\Adobe\TypeSupport\CS6\CMaps\Add-V
FileLength:3997
FileModTime:1326959964
%EndFont

%BeginFont
Handler:DirectoryHandler
FontType:CMap
CMapName:Adobe-CNS1-0
Registry:Adobe
Ordering:CNS1
OutlineFileName:C:\Program Files (x86)\Common Files\Adobe\TypeSupport\CS6\CMaps\Adobe-CNS1-0
FileLength:4034
FileModTime:1326959964
%EndFont

%BeginFont
Handler:DirectoryHandler
FontType:CMap
CMapName:Adobe-CNS1-1
Registry:Adobe
Ordering:CNS1
OutlineFileName:C:\Program Files (x86)\Common Files\Adobe\TypeSupport\CS6\CMaps\Adobe-CNS1-1
FileLength:4218
FileModTime:1326959964
%EndFont

%BeginFont
Handler:DirectoryHandler
FontType:CMap
CMapName:Adobe-CNS1-2
Registry:Adobe
Ordering:CNS1
OutlineFileName:C:\Program Files (x86)\Common Files\Adobe\TypeSupport\CS6\CMaps\Adobe-CNS1-2
FileLength:4239
FileModTime:1326959964
%EndFont

%BeginFont
Handler:DirectoryHandler
FontType:CMap
CMapName:Adobe-CNS1-3
Registry:Adobe
Ordering:CNS1
OutlineFileName:C:\Program Files (x86)\Common Files\Adobe\TypeSupport\CS6\CMaps\Adobe-CNS1-3
FileLength:4344
FileModTime:1326959964
%EndFont

%BeginFont
Handler:DirectoryHandler
FontType:CMap
CMapName:Adobe-CNS1-4
Registry:Adobe
Ordering:CNS1
OutlineFileName:C:\Program Files (x86)\Common Files\Adobe\TypeSupport\CS6\CMaps\Adobe-CNS1-4
FileLength:4365
FileModTime:1326959964
%EndFont

%BeginFont
Handler:DirectoryHandler
FontType:CMap
CMapName:Adobe-CNS1-5
Registry:Adobe
Ordering:CNS1
OutlineFileName:C:\Program Files (x86)\Common Files\Adobe\TypeSupport\CS6\CMaps\Adobe-CNS1-5
FileLength:4365
FileModTime:1326959964
%EndFont

%BeginFont
Handler:DirectoryHandler
FontType:CMap
CMapName:Adobe-CNS1-6
Registry:Adobe
Ordering:CNS1
OutlineFileName:C:\Program Files (x86)\Common Files\Adobe\TypeSupport\CS6\CMaps\Adobe-CNS1-6
FileLength:4365
FileModTime:1326959964
%EndFont

%BeginFont
Handler:DirectoryHandler
FontType:CMap
CMapName:Adobe-GB1-0
Registry:Adobe
Ordering:GB1
OutlineFileName:C:\Program Files (x86)\Common Files\Adobe\TypeSupport\CS6\CMaps\Adobe-GB1-0
FileLength:3472
FileModTime:1326959964
%EndFont

%BeginFont
Handler:DirectoryHandler
FontType:CMap
CMapName:Adobe-GB1-1
Registry:Adobe
Ordering:GB1
OutlineFileName:C:\Program Files (x86)\Common Files\Adobe\TypeSupport\CS6\CMaps\Adobe-GB1-1
FileLength:3634
FileModTime:1326959964
%EndFont

%BeginFont
Handler:DirectoryHandler
FontType:CMap
CMapName:Adobe-GB1-2
Registry:Adobe
Ordering:GB1
OutlineFileName:C:\Program Files (x86)\Common Files\Adobe\TypeSupport\CS6\CMaps\Adobe-GB1-2
FileLength:4636
FileModTime:1326959964
%EndFont

%BeginFont
Handler:DirectoryHandler
FontType:CMap
CMapName:Adobe-GB1-3
Registry:Adobe
Ordering:GB1
OutlineFileName:C:\Program Files (x86)\Common Files\Adobe\TypeSupport\CS6\CMaps\Adobe-GB1-3
FileLength:4635
FileModTime:1326959964
%EndFont

%BeginFont
Handler:DirectoryHandler
FontType:CMap
CMapName:Adobe-GB1-4
Registry:Adobe
Ordering:GB1
OutlineFileName:C:\Program Files (x86)\Common Files\Adobe\TypeSupport\CS6\CMaps\Adobe-GB1-4
FileLength:5217
FileModTime:1326959964
%EndFont

%BeginFont
Handler:DirectoryHandler
FontType:CMap
CMapName:Adobe-GB1-5
Registry:Adobe
Ordering:GB1
OutlineFileName:C:\Program Files (x86)\Common Files\Adobe\TypeSupport\CS6\CMaps\Adobe-GB1-5
FileLength:5322
FileModTime:1326959964
%EndFont

%BeginFont
Handler:DirectoryHandler
FontType:CMap
CMapName:Adobe-Japan1-0
Registry:Adobe
Ordering:Japan1
OutlineFileName:C:\Program Files (x86)\Common Files\Adobe\TypeSupport\CS6\CMaps\Adobe-Japan1-0
FileLength:3523
FileModTime:1326959964
%EndFont

%BeginFont
Handler:DirectoryHandler
FontType:CMap
CMapName:Adobe-Japan1-1
Registry:Adobe
Ordering:Japan1
OutlineFileName:C:\Program Files (x86)\Common Files\Adobe\TypeSupport\CS6\CMaps\Adobe-Japan1-1
FileLength:3524
FileModTime:1326959964
%EndFont

%BeginFont
Handler:DirectoryHandler
FontType:CMap
CMapName:Adobe-Japan1-2
Registry:Adobe
Ordering:Japan1
OutlineFileName:C:\Program Files (x86)\Common Files\Adobe\TypeSupport\CS6\CMaps\Adobe-Japan1-2
FileLength:3564
FileModTime:1326959964
%EndFont

%BeginFont
Handler:DirectoryHandler
FontType:CMap
CMapName:Adobe-Japan1-3
Registry:Adobe
Ordering:Japan1
OutlineFileName:C:\Program Files (x86)\Common Files\Adobe\TypeSupport\CS6\CMaps\Adobe-Japan1-3
FileLength:3575
FileModTime:1326959964
%EndFont

%BeginFont
Handler:DirectoryHandler
FontType:CMap
CMapName:Adobe-Japan1-4
Registry:Adobe
Ordering:Japan1
OutlineFileName:C:\Program Files (x86)\Common Files\Adobe\TypeSupport\CS6\CMaps\Adobe-Japan1-4
FileLength:4077
FileModTime:1326959964
%EndFont

%BeginFont
Handler:DirectoryHandler
FontType:CMap
CMapName:Adobe-Japan1-5
Registry:Adobe
Ordering:Japan1
OutlineFileName:C:\Program Files (x86)\Common Files\Adobe\TypeSupport\CS6\CMaps\Adobe-Japan1-5
FileLength:4476
FileModTime:1326959964
%EndFont

%BeginFont
Handler:DirectoryHandler
FontType:CMap
CMapName:Adobe-Japan1-6
Registry:Adobe
Ordering:Japan1
OutlineFileName:C:\Program Files (x86)\Common Files\Adobe\TypeSupport\CS6\CMaps\Adobe-Japan1-6
FileLength:4707
FileModTime:1326959964
%EndFont

%BeginFont
Handler:DirectoryHandler
FontType:CMap
CMapName:Adobe-Japan2-0
Registry:Adobe
Ordering:Japan2
OutlineFileName:C:\Program Files (x86)\Common Files\Adobe\TypeSupport\CS6\CMaps\Adobe-Japan2-0
FileLength:3341
FileModTime:1326959964
%EndFont

%BeginFont
Handler:DirectoryHandler
FontType:CMap
CMapName:Adobe-Korea1-0
Registry:Adobe
Ordering:Korea1
OutlineFileName:C:\Program Files (x86)\Common Files\Adobe\TypeSupport\CS6\CMaps\Adobe-Korea1-0
FileLength:3618
FileModTime:1326959964
%EndFont

%BeginFont
Handler:DirectoryHandler
FontType:CMap
CMapName:Adobe-Korea1-1
Registry:Adobe
Ordering:Korea1
OutlineFileName:C:\Program Files (x86)\Common Files\Adobe\TypeSupport\CS6\CMaps\Adobe-Korea1-1
FileLength:4309
FileModTime:1326959964
%EndFont

%BeginFont
Handler:DirectoryHandler
FontType:CMap
CMapName:Adobe-Korea1-2
Registry:Adobe
Ordering:Korea1
OutlineFileName:C:\Program Files (x86)\Common Files\Adobe\TypeSupport\CS6\CMaps\Adobe-Korea1-2
FileLength:4308
FileModTime:1326959964
%EndFont

%BeginFont
Handler:DirectoryHandler
FontType:CMap
CMapName:B5-H
Registry:Adobe
Ordering:CNS1
OutlineFileName:C:\Program Files (x86)\Common Files\Adobe\TypeSupport\CS6\CMaps\B5-H
FileLength:7895
FileModTime:1326959964
%EndFont

%BeginFont
Handler:DirectoryHandler
FontType:CMap
CMapName:B5-V
Registry:Adobe
Ordering:CNS1
UseCMap:B5-H
OutlineFileName:C:\Program Files (x86)\Common Files\Adobe\TypeSupport\CS6\CMaps\B5-V
FileLength:3083
FileModTime:1326959964
%EndFont

%BeginFont
Handler:DirectoryHandler
FontType:CMap
CMapName:B5pc-H
Registry:Adobe
Ordering:CNS1
OutlineFileName:C:\Program Files (x86)\Common Files\Adobe\TypeSupport\CS6\CMaps\B5pc-H
FileLength:7953
FileModTime:1326959964
%EndFont

%BeginFont
Handler:DirectoryHandler
FontType:CMap
CMapName:B5pc-V
Registry:Adobe
Ordering:CNS1
UseCMap:B5pc-H
OutlineFileName:C:\Program Files (x86)\Common Files\Adobe\TypeSupport\CS6\CMaps\B5pc-V
FileLength:3095
FileModTime:1326959964
%EndFont

%BeginFont
Handler:DirectoryHandler
FontType:CMap
CMapName:CNS-EUC-H
Registry:Adobe
Ordering:CNS1
OutlineFileName:C:\Program Files (x86)\Common Files\Adobe\TypeSupport\CS6\CMaps\CNS-EUC-H
FileLength:12805
FileModTime:1326959964
%EndFont

%BeginFont
Handler:DirectoryHandler
FontType:CMap
CMapName:CNS-EUC-V
Registry:Adobe
Ordering:CNS1
OutlineFileName:C:\Program Files (x86)\Common Files\Adobe\TypeSupport\CS6\CMaps\CNS-EUC-V
FileLength:13885
FileModTime:1326959964
%EndFont

%BeginFont
Handler:DirectoryHandler
FontType:CMap
CMapName:CNS1-H
Registry:Adobe
Ordering:CNS1
OutlineFileName:C:\Program Files (x86)\Common Files\Adobe\TypeSupport\CS6\CMaps\CNS1-H
FileLength:5917
FileModTime:1326959964
%EndFont

%BeginFont
Handler:DirectoryHandler
FontType:CMap
CMapName:CNS1-V
Registry:Adobe
Ordering:CNS1
UseCMap:CNS1-H
OutlineFileName:C:\Program Files (x86)\Common Files\Adobe\TypeSupport\CS6\CMaps\CNS1-V
FileLength:3091
FileModTime:1326959964
%EndFont

%BeginFont
Handler:DirectoryHandler
FontType:CMap
CMapName:CNS2-H
Registry:Adobe
Ordering:CNS1
OutlineFileName:C:\Program Files (x86)\Common Files\Adobe\TypeSupport\CS6\CMaps\CNS2-H
FileLength:4504
FileModTime:1326959964
%EndFont

%BeginFont
Handler:DirectoryHandler
FontType:CMap
CMapName:CNS2-V
Registry:Adobe
Ordering:CNS1
UseCMap:CNS2-H
OutlineFileName:C:\Program Files (x86)\Common Files\Adobe\TypeSupport\CS6\CMaps\CNS2-V
FileLength:2828
FileModTime:1326959964
%EndFont

%BeginFont
Handler:DirectoryHandler
FontType:CMap
CMapName:ETen-B5-H
Registry:Adobe
Ordering:CNS1
OutlineFileName:C:\Program Files (x86)\Common Files\Adobe\TypeSupport\CS6\CMaps\ETen-B5-H
FileLength:8115
FileModTime:1326959964
%EndFont

%BeginFont
Handler:DirectoryHandler
FontType:CMap
CMapName:ETen-B5-V
Registry:Adobe
Ordering:CNS1
UseCMap:ETen-B5-H
OutlineFileName:C:\Program Files (x86)\Common Files\Adobe\TypeSupport\CS6\CMaps\ETen-B5-V
FileLength:3134
FileModTime:1326959964
%EndFont

%BeginFont
Handler:DirectoryHandler
FontType:CMap
CMapName:ETenms-B5-H
Registry:Adobe
Ordering:CNS1
UseCMap:ETen-B5-H
OutlineFileName:C:\Program Files (x86)\Common Files\Adobe\TypeSupport\CS6\CMaps\ETenms-B5-H
FileLength:2877
FileModTime:1326959964
%EndFont

%BeginFont
Handler:DirectoryHandler
FontType:CMap
CMapName:ETenms-B5-V
Registry:Adobe
Ordering:CNS1
UseCMap:ETenms-B5-H
OutlineFileName:C:\Program Files (x86)\Common Files\Adobe\TypeSupport\CS6\CMaps\ETenms-B5-V
FileLength:3209
FileModTime:1326959964
%EndFont

%BeginFont
Handler:DirectoryHandler
FontType:CMap
CMapName:ETHK-B5-H
Registry:Adobe
Ordering:CNS1
OutlineFileName:C:\Program Files (x86)\Common Files\Adobe\TypeSupport\CS6\CMaps\ETHK-B5-H
FileLength:24599
FileModTime:1326959964
%EndFont

%BeginFont
Handler:DirectoryHandler
FontType:CMap
CMapName:ETHK-B5-V
Registry:Adobe
Ordering:CNS1
UseCMap:ETHK-B5-H
OutlineFileName:C:\Program Files (x86)\Common Files\Adobe\TypeSupport\CS6\CMaps\ETHK-B5-V
FileLength:3114
FileModTime:1326959964
%EndFont

%BeginFont
Handler:DirectoryHandler
FontType:CMap
CMapName:EUC-H
Registry:Adobe
Ordering:Japan1
OutlineFileName:C:\Program Files (x86)\Common Files\Adobe\TypeSupport\CS6\CMaps\EUC-H
FileLength:5351
FileModTime:1326959964
%EndFont

%BeginFont
Handler:DirectoryHandler
FontType:CMap
CMapName:EUC-V
Registry:Adobe
Ordering:Japan1
UseCMap:EUC-H
OutlineFileName:C:\Program Files (x86)\Common Files\Adobe\TypeSupport\CS6\CMaps\EUC-V
FileLength:3397
FileModTime:1326959964
%EndFont

%BeginFont
Handler:DirectoryHandler
FontType:CMap
CMapName:Ext-H
Registry:Adobe
Ordering:Japan1
OutlineFileName:C:\Program Files (x86)\Common Files\Adobe\TypeSupport\CS6\CMaps\Ext-H
FileLength:16250
FileModTime:1326959964
%EndFont

%BeginFont
Handler:DirectoryHandler
FontType:CMap
CMapName:Ext-RKSJ-H
Registry:Adobe
Ordering:Japan1
OutlineFileName:C:\Program Files (x86)\Common Files\Adobe\TypeSupport\CS6\CMaps\Ext-RKSJ-H
FileLength:16444
FileModTime:1326959964
%EndFont

%BeginFont
Handler:DirectoryHandler
FontType:CMap
CMapName:Ext-RKSJ-V
Registry:Adobe
Ordering:Japan1
UseCMap:Ext-RKSJ-H
OutlineFileName:C:\Program Files (x86)\Common Files\Adobe\TypeSupport\CS6\CMaps\Ext-RKSJ-V
FileLength:3667
FileModTime:1326959964
%EndFont

%BeginFont
Handler:DirectoryHandler
FontType:CMap
CMapName:Ext-V
Registry:Adobe
Ordering:Japan1
UseCMap:Ext-H
OutlineFileName:C:\Program Files (x86)\Common Files\Adobe\TypeSupport\CS6\CMaps\Ext-V
FileLength:3637
FileModTime:1326959964
%EndFont

%BeginFont
Handler:DirectoryHandler
FontType:CMap
CMapName:GB-EUC-H
Registry:Adobe
Ordering:GB1
OutlineFileName:C:\Program Files (x86)\Common Files\Adobe\TypeSupport\CS6\CMaps\GB-EUC-H
FileLength:4669
FileModTime:1326959964
%EndFont

%BeginFont
Handler:DirectoryHandler
FontType:CMap
CMapName:GB-EUC-V
Registry:Adobe
Ordering:GB1
UseCMap:GB-EUC-H
OutlineFileName:C:\Program Files (x86)\Common Files\Adobe\TypeSupport\CS6\CMaps\GB-EUC-V
FileLength:3267
FileModTime:1326959964
%EndFont

%BeginFont
Handler:DirectoryHandler
FontType:CMap
CMapName:GB-H
Registry:Adobe
Ordering:GB1
OutlineFileName:C:\Program Files (x86)\Common Files\Adobe\TypeSupport\CS6\CMaps\GB-H
FileLength:4557
FileModTime:1326959964
%EndFont

%BeginFont
Handler:DirectoryHandler
FontType:CMap
CMapName:GB-V
Registry:Adobe
Ordering:GB1
UseCMap:GB-H
OutlineFileName:C:\Program Files (x86)\Common Files\Adobe\TypeSupport\CS6\CMaps\GB-V
FileLength:3243
FileModTime:1326959964
%EndFont

%BeginFont
Handler:DirectoryHandler
FontType:CMap
CMapName:GBK-EUC-H
Registry:Adobe
Ordering:GB1
OutlineFileName:C:\Program Files (x86)\Common Files\Adobe\TypeSupport\CS6\CMaps\GBK-EUC-H
FileLength:87444
FileModTime:1326959964
%EndFont

%BeginFont
Handler:DirectoryHandler
FontType:CMap
CMapName:GBK-EUC-V
Registry:Adobe
Ordering:GB1
UseCMap:GBK-EUC-H
OutlineFileName:C:\Program Files (x86)\Common Files\Adobe\TypeSupport\CS6\CMaps\GBK-EUC-V
FileLength:3255
FileModTime:1326959964
%EndFont

%BeginFont
Handler:DirectoryHandler
FontType:CMap
CMapName:GBK2K-H
Registry:Adobe
Ordering:GB1
OutlineFileName:C:\Program Files (x86)\Common Files\Adobe\TypeSupport\CS6\CMaps\GBK2K-H
FileLength:96320
FileModTime:1326959964
%EndFont

%BeginFont
Handler:DirectoryHandler
FontType:CMap
CMapName:GBK2K-V
Registry:Adobe
Ordering:GB1
UseCMap:GBK2K-H
OutlineFileName:C:\Program Files (x86)\Common Files\Adobe\TypeSupport\CS6\CMaps\GBK2K-V
FileLength:3669
FileModTime:1326959964
%EndFont

%BeginFont
Handler:DirectoryHandler
FontType:CMap
CMapName:GBKp-EUC-H
Registry:Adobe
Ordering:GB1
OutlineFileName:C:\Program Files (x86)\Common Files\Adobe\TypeSupport\CS6\CMaps\GBKp-EUC-H
FileLength:87424
FileModTime:1326959964
%EndFont

%BeginFont
Handler:DirectoryHandler
FontType:CMap
CMapName:GBKp-EUC-V
Registry:Adobe
Ordering:GB1
UseCMap:GBKp-EUC-H
OutlineFileName:C:\Program Files (x86)\Common Files\Adobe\TypeSupport\CS6\CMaps\GBKp-EUC-V
FileLength:3261
FileModTime:1326959964
%EndFont

%BeginFont
Handler:DirectoryHandler
FontType:CMap
CMapName:GBpc-EUC-H
Registry:Adobe
Ordering:GB1
OutlineFileName:C:\Program Files (x86)\Common Files\Adobe\TypeSupport\CS6\CMaps\GBpc-EUC-H
FileLength:4699
FileModTime:1326959964
%EndFont

%BeginFont
Handler:DirectoryHandler
FontType:CMap
CMapName:GBpc-EUC-V
Registry:Adobe
Ordering:GB1
UseCMap:GBpc-EUC-H
OutlineFileName:C:\Program Files (x86)\Common Files\Adobe\TypeSupport\CS6\CMaps\GBpc-EUC-V
FileLength:3279
FileModTime:1326959964
%EndFont

%BeginFont
Handler:DirectoryHandler
FontType:CMap
CMapName:GBT-EUC-H
Registry:Adobe
Ordering:GB1
OutlineFileName:C:\Program Files (x86)\Common Files\Adobe\TypeSupport\CS6\CMaps\GBT-EUC-H
FileLength:49274
FileModTime:1326959964
%EndFont

%BeginFont
Handler:DirectoryHandler
FontType:CMap
CMapName:GBT-EUC-V
Registry:Adobe
Ordering:GB1
UseCMap:GBT-EUC-H
OutlineFileName:C:\Program Files (x86)\Common Files\Adobe\TypeSupport\CS6\CMaps\GBT-EUC-V
FileLength:3275
FileModTime:1326959964
%EndFont

%BeginFont
Handler:DirectoryHandler
FontType:CMap
CMapName:GBT-H
Registry:Adobe
Ordering:GB1
OutlineFileName:C:\Program Files (x86)\Common Files\Adobe\TypeSupport\CS6\CMaps\GBT-H
FileLength:49162
FileModTime:1326959964
%EndFont

%BeginFont
Handler:DirectoryHandler
FontType:CMap
CMapName:GBT-V
Registry:Adobe
Ordering:GB1
UseCMap:GBT-H
OutlineFileName:C:\Program Files (x86)\Common Files\Adobe\TypeSupport\CS6\CMaps\GBT-V
FileLength:3251
FileModTime:1326959964
%EndFont

%BeginFont
Handler:DirectoryHandler
FontType:CMap
CMapName:GBTpc-EUC-H
Registry:Adobe
Ordering:GB1
OutlineFileName:C:\Program Files (x86)\Common Files\Adobe\TypeSupport\CS6\CMaps\GBTpc-EUC-H
FileLength:49306
FileModTime:1326959964
%EndFont

%BeginFont
Handler:DirectoryHandler
FontType:CMap
CMapName:GBTpc-EUC-V
Registry:Adobe
Ordering:GB1
UseCMap:GBTpc-EUC-H
OutlineFileName:C:\Program Files (x86)\Common Files\Adobe\TypeSupport\CS6\CMaps\GBTpc-EUC-V
FileLength:3287
FileModTime:1326959964
%EndFont

%BeginFont
Handler:DirectoryHandler
FontType:CMap
CMapName:H
Registry:Adobe
Ordering:Japan1
OutlineFileName:C:\Program Files (x86)\Common Files\Adobe\TypeSupport\CS6\CMaps\H
FileLength:5210
FileModTime:1326959964
%EndFont

%BeginFont
Handler:DirectoryHandler
FontType:CMap
CMapName:Hankaku
Registry:Adobe
Ordering:Japan1
OutlineFileName:C:\Program Files (x86)\Common Files\Adobe\TypeSupport\CS6\CMaps\Hankaku
FileLength:2978
FileModTime:1326959964
%EndFont

%BeginFont
Handler:DirectoryHandler
FontType:CMap
CMapName:Hiragana
Registry:Adobe
Ordering:Japan1
OutlineFileName:C:\Program Files (x86)\Common Files\Adobe\TypeSupport\CS6\CMaps\Hiragana
FileLength:2950
FileModTime:1326959964
%EndFont

%BeginFont
Handler:DirectoryHandler
FontType:CMap
CMapName:HKdla-B5-H
Registry:Adobe
Ordering:CNS1
OutlineFileName:C:\Program Files (x86)\Common Files\Adobe\TypeSupport\CS6\CMaps\HKdla-B5-H
FileLength:24471
FileModTime:1326959964
%EndFont

%BeginFont
Handler:DirectoryHandler
FontType:CMap
CMapName:HKdla-B5-V
Registry:Adobe
Ordering:CNS1
UseCMap:HKdla-B5-H
OutlineFileName:C:\Program Files (x86)\Common Files\Adobe\TypeSupport\CS6\CMaps\HKdla-B5-V
FileLength:3099
FileModTime:1326959964
%EndFont

%BeginFont
Handler:DirectoryHandler
FontType:CMap
CMapName:HKdlb-B5-H
Registry:Adobe
Ordering:CNS1
OutlineFileName:C:\Program Files (x86)\Common Files\Adobe\TypeSupport\CS6\CMaps\HKdlb-B5-H
FileLength:22013
FileModTime:1326959964
%EndFont

%BeginFont
Handler:DirectoryHandler
FontType:CMap
CMapName:HKdlb-B5-V
Registry:Adobe
Ordering:CNS1
UseCMap:HKdlb-B5-H
OutlineFileName:C:\Program Files (x86)\Common Files\Adobe\TypeSupport\CS6\CMaps\HKdlb-B5-V
FileLength:3099
FileModTime:1326959964
%EndFont

%BeginFont
Handler:DirectoryHandler
FontType:CMap
CMapName:HKgccs-B5-H
Registry:Adobe
Ordering:CNS1
OutlineFileName:C:\Program Files (x86)\Common Files\Adobe\TypeSupport\CS6\CMaps\HKgccs-B5-H
FileLength:14442
FileModTime:1326959964
%EndFont

%BeginFont
Handler:DirectoryHandler
FontType:CMap
CMapName:HKgccs-B5-V
Registry:Adobe
Ordering:CNS1
UseCMap:HKgccs-B5-H
OutlineFileName:C:\Program Files (x86)\Common Files\Adobe\TypeSupport\CS6\CMaps\HKgccs-B5-V
FileLength:3105
FileModTime:1326959964
%EndFont

%BeginFont
Handler:DirectoryHandler
FontType:CMap
CMapName:HKm314-B5-H
Registry:Adobe
Ordering:CNS1
OutlineFileName:C:\Program Files (x86)\Common Files\Adobe\TypeSupport\CS6\CMaps\HKm314-B5-H
FileLength:14245
FileModTime:1326959964
%EndFont

%BeginFont
Handler:DirectoryHandler
FontType:CMap
CMapName:HKm314-B5-V
Registry:Adobe
Ordering:CNS1
UseCMap:HKm314-B5-H
OutlineFileName:C:\Program Files (x86)\Common Files\Adobe\TypeSupport\CS6\CMaps\HKm314-B5-V
FileLength:3105
FileModTime:1326959964
%EndFont

%BeginFont
Handler:DirectoryHandler
FontType:CMap
CMapName:HKm471-B5-H
Registry:Adobe
Ordering:CNS1
OutlineFileName:C:\Program Files (x86)\Common Files\Adobe\TypeSupport\CS6\CMaps\HKm471-B5-H
FileLength:17365
FileModTime:1326959964
%EndFont

%BeginFont
Handler:DirectoryHandler
FontType:CMap
CMapName:HKm471-B5-V
Registry:Adobe
Ordering:CNS1
UseCMap:HKm471-B5-H
OutlineFileName:C:\Program Files (x86)\Common Files\Adobe\TypeSupport\CS6\CMaps\HKm471-B5-V
FileLength:3105
FileModTime:1326959964
%EndFont

%BeginFont
Handler:DirectoryHandler
FontType:CMap
CMapName:HKscs-B5-H
Registry:Adobe
Ordering:CNS1
OutlineFileName:C:\Program Files (x86)\Common Files\Adobe\TypeSupport\CS6\CMaps\HKscs-B5-H
FileLength:24653
FileModTime:1326959964
%EndFont

%BeginFont
Handler:DirectoryHandler
FontType:CMap
CMapName:HKscs-B5-V
Registry:Adobe
Ordering:CNS1
UseCMap:HKscs-B5-H
OutlineFileName:C:\Program Files (x86)\Common Files\Adobe\TypeSupport\CS6\CMaps\HKscs-B5-V
FileLength:3120
FileModTime:1326959964
%EndFont

%BeginFont
Handler:DirectoryHandler
FontType:CMap
CMapName:Hojo-EUC-H
Registry:Adobe
Ordering:Japan2
OutlineFileName:C:\Program Files (x86)\Common Files\Adobe\TypeSupport\CS6\CMaps\Hojo-EUC-H
FileLength:4857
FileModTime:1326959964
%EndFont

%BeginFont
Handler:DirectoryHandler
FontType:CMap
CMapName:Hojo-EUC-V
Registry:Adobe
Ordering:Japan2
UseCMap:Hojo-EUC-H
OutlineFileName:C:\Program Files (x86)\Common Files\Adobe\TypeSupport\CS6\CMaps\Hojo-EUC-V
FileLength:2854
FileModTime:1326959964
%EndFont

%BeginFont
Handler:DirectoryHandler
FontType:CMap
CMapName:Hojo-H
Registry:Adobe
Ordering:Japan2
OutlineFileName:C:\Program Files (x86)\Common Files\Adobe\TypeSupport\CS6\CMaps\Hojo-H
FileLength:4507
FileModTime:1326959964
%EndFont

%BeginFont
Handler:DirectoryHandler
FontType:CMap
CMapName:Hojo-V
Registry:Adobe
Ordering:Japan2
UseCMap:Hojo-H
OutlineFileName:C:\Program Files (x86)\Common Files\Adobe\TypeSupport\CS6\CMaps\Hojo-V
FileLength:2830
FileModTime:1326959964
%EndFont

%BeginFont
Handler:DirectoryHandler
FontType:CMap
CMapName:Identity-H
Registry:Adobe
Ordering:Identity
OutlineFileName:C:\Program Files (x86)\Common Files\Adobe\TypeSupport\CS6\CMaps\Identity-H
FileLength:8228
FileModTime:1326959964
%EndFont

%BeginFont
Handler:DirectoryHandler
FontType:CMap
CMapName:Identity-V
Registry:Adobe
Ordering:Identity
UseCMap:Identity-H
OutlineFileName:C:\Program Files (x86)\Common Files\Adobe\TypeSupport\CS6\CMaps\Identity-V
FileLength:2761
FileModTime:1326959964
%EndFont

%BeginFont
Handler:DirectoryHandler
FontType:CMap
CMapName:Katakana
Registry:Adobe
Ordering:Japan1
OutlineFileName:C:\Program Files (x86)\Common Files\Adobe\TypeSupport\CS6\CMaps\Katakana
FileLength:2860
FileModTime:1326959964
%EndFont

%BeginFont
Handler:DirectoryHandler
FontType:CMap
CMapName:KSC-EUC-H
Registry:Adobe
Ordering:Korea1
OutlineFileName:C:\Program Files (x86)\Common Files\Adobe\TypeSupport\CS6\CMaps\KSC-EUC-H
FileLength:12359
FileModTime:1326959964
%EndFont

%BeginFont
Handler:DirectoryHandler
FontType:CMap
CMapName:KSC-EUC-V
Registry:Adobe
Ordering:Korea1
UseCMap:KSC-EUC-H
OutlineFileName:C:\Program Files (x86)\Common Files\Adobe\TypeSupport\CS6\CMaps\KSC-EUC-V
FileLength:3199
FileModTime:1326959964
%EndFont

%BeginFont
Handler:DirectoryHandler
FontType:CMap
CMapName:KSC-H
Registry:Adobe
Ordering:Korea1
OutlineFileName:C:\Program Files (x86)\Common Files\Adobe\TypeSupport\CS6\CMaps\KSC-H
FileLength:12262
FileModTime:1326959964
%EndFont

%BeginFont
Handler:DirectoryHandler
FontType:CMap
CMapName:KSC-Johab-H
Registry:Adobe
Ordering:Korea1
OutlineFileName:C:\Program Files (x86)\Common Files\Adobe\TypeSupport\CS6\CMaps\KSC-Johab-H
FileLength:88664
FileModTime:1326959964
%EndFont

%BeginFont
Handler:DirectoryHandler
FontType:CMap
CMapName:KSC-Johab-V
Registry:Adobe
Ordering:Korea1
UseCMap:KSC-Johab-H
OutlineFileName:C:\Program Files (x86)\Common Files\Adobe\TypeSupport\CS6\CMaps\KSC-Johab-V
FileLength:3213
FileModTime:1326959964
%EndFont

%BeginFont
Handler:DirectoryHandler
FontType:CMap
CMapName:KSC-V
Registry:Adobe
Ordering:Korea1
UseCMap:KSC-H
OutlineFileName:C:\Program Files (x86)\Common Files\Adobe\TypeSupport\CS6\CMaps\KSC-V
FileLength:3175
FileModTime:1326959964
%EndFont

%BeginFont
Handler:DirectoryHandler
FontType:CMap
CMapName:KSCms-UHC-H
Registry:Adobe
Ordering:Korea1
OutlineFileName:C:\Program Files (x86)\Common Files\Adobe\TypeSupport\CS6\CMaps\KSCms-UHC-H
FileLength:16785
FileModTime:1326959964
%EndFont

%BeginFont
Handler:DirectoryHandler
FontType:CMap
CMapName:KSCms-UHC-HW-H
Registry:Adobe
Ordering:Korea1
OutlineFileName:C:\Program Files (x86)\Common Files\Adobe\TypeSupport\CS6\CMaps\KSCms-UHC-HW-H
FileLength:16780
FileModTime:1326959964
%EndFont

%BeginFont
Handler:DirectoryHandler
FontType:CMap
CMapName:KSCms-UHC-HW-V
Registry:Adobe
Ordering:Korea1
UseCMap:KSCms-UHC-HW-H
OutlineFileName:C:\Program Files (x86)\Common Files\Adobe\TypeSupport\CS6\CMaps\KSCms-UHC-HW-V
FileLength:3211
FileModTime:1326959964
%EndFont

%BeginFont
Handler:DirectoryHandler
FontType:CMap
CMapName:KSCms-UHC-V
Registry:Adobe
Ordering:Korea1
UseCMap:KSCms-UHC-H
OutlineFileName:C:\Program Files (x86)\Common Files\Adobe\TypeSupport\CS6\CMaps\KSCms-UHC-V
FileLength:3213
FileModTime:1326959964
%EndFont

%BeginFont
Handler:DirectoryHandler
FontType:CMap
CMapName:KSCpc-EUC-H
Registry:Adobe
Ordering:Korea1
OutlineFileName:C:\Program Files (x86)\Common Files\Adobe\TypeSupport\CS6\CMaps\KSCpc-EUC-H
FileLength:13232
FileModTime:1326959964
%EndFont

%BeginFont
Handler:DirectoryHandler
FontType:CMap
CMapName:KSCpc-EUC-V
Registry:Adobe
Ordering:Korea1
UseCMap:KSCpc-EUC-H
OutlineFileName:C:\Program Files (x86)\Common Files\Adobe\TypeSupport\CS6\CMaps\KSCpc-EUC-V
FileLength:3211
FileModTime:1326959964
%EndFont

%BeginFont
Handler:DirectoryHandler
FontType:CMap
CMapName:NWP-H
Registry:Adobe
Ordering:Japan1
OutlineFileName:C:\Program Files (x86)\Common Files\Adobe\TypeSupport\CS6\CMaps\NWP-H
FileLength:18224
FileModTime:1326959964
%EndFont

%BeginFont
Handler:DirectoryHandler
FontType:CMap
CMapName:NWP-V
Registry:Adobe
Ordering:Japan1
UseCMap:NWP-H
OutlineFileName:C:\Program Files (x86)\Common Files\Adobe\TypeSupport\CS6\CMaps\NWP-V
FileLength:3797
FileModTime:1326959964
%EndFont

%BeginFont
Handler:DirectoryHandler
FontType:CMap
CMapName:RKSJ-H
Registry:Adobe
Ordering:Japan1
OutlineFileName:C:\Program Files (x86)\Common Files\Adobe\TypeSupport\CS6\CMaps\RKSJ-H
FileLength:5403
FileModTime:1326959964
%EndFont

%BeginFont
Handler:DirectoryHandler
FontType:CMap
CMapName:RKSJ-V
Registry:Adobe
Ordering:Japan1
UseCMap:RKSJ-H
OutlineFileName:C:\Program Files (x86)\Common Files\Adobe\TypeSupport\CS6\CMaps\RKSJ-V
FileLength:3403
FileModTime:1326959964
%EndFont

%BeginFont
Handler:DirectoryHandler
FontType:CMap
CMapName:Roman
Registry:Adobe
Ordering:Japan1
OutlineFileName:C:\Program Files (x86)\Common Files\Adobe\TypeSupport\CS6\CMaps\Roman
FileLength:2836
FileModTime:1326959964
%EndFont

%BeginFont
Handler:DirectoryHandler
FontType:CMap
CMapName:UniCNS-UCS2-H
Registry:Adobe
Ordering:CNS1
OutlineFileName:C:\Program Files (x86)\Common Files\Adobe\TypeSupport\CS6\CMaps\UniCNS-UCS2-H
FileLength:343410
FileModTime:1326959964
%EndFont

%BeginFont
Handler:DirectoryHandler
FontType:CMap
CMapName:UniCNS-UCS2-V
Registry:Adobe
Ordering:CNS1
UseCMap:UniCNS-UCS2-H
OutlineFileName:C:\Program Files (x86)\Common Files\Adobe\TypeSupport\CS6\CMaps\UniCNS-UCS2-V
FileLength:3130
FileModTime:1326959964
%EndFont

%BeginFont
Handler:DirectoryHandler
FontType:CMap
CMapName:UniCNS-UTF16-H
Registry:Adobe
Ordering:CNS1
OutlineFileName:C:\Program Files (x86)\Common Files\Adobe\TypeSupport\CS6\CMaps\UniCNS-UTF16-H
FileLength:271859
FileModTime:1326959964
%EndFont

%BeginFont
Handler:DirectoryHandler
FontType:CMap
CMapName:UniCNS-UTF16-V
Registry:Adobe
Ordering:CNS1
UseCMap:UniCNS-UTF16-H
OutlineFileName:C:\Program Files (x86)\Common Files\Adobe\TypeSupport\CS6\CMaps\UniCNS-UTF16-V
FileLength:3123
FileModTime:1326959964
%EndFont

%BeginFont
Handler:DirectoryHandler
FontType:CMap
CMapName:UniCNS-UTF32-H
Registry:Adobe
Ordering:CNS1
OutlineFileName:C:\Program Files (x86)\Common Files\Adobe\TypeSupport\CS6\CMaps\UniCNS-UTF32-H
FileLength:343153
FileModTime:1326959966
%EndFont

%BeginFont
Handler:DirectoryHandler
FontType:CMap
CMapName:UniCNS-UTF32-V
Registry:Adobe
Ordering:CNS1
UseCMap:UniCNS-UTF32-H
OutlineFileName:C:\Program Files (x86)\Common Files\Adobe\TypeSupport\CS6\CMaps\UniCNS-UTF32-V
FileLength:3203
FileModTime:1326959966
%EndFont

%BeginFont
Handler:DirectoryHandler
FontType:CMap
CMapName:UniCNS-UTF8-H
Registry:Adobe
Ordering:CNS1
OutlineFileName:C:\Program Files (x86)\Common Files\Adobe\TypeSupport\CS6\CMaps\UniCNS-UTF8-H
FileLength:308702
FileModTime:1326959966
%EndFont

%BeginFont
Handler:DirectoryHandler
FontType:CMap
CMapName:UniCNS-UTF8-V
Registry:Adobe
Ordering:CNS1
UseCMap:UniCNS-UTF8-H
OutlineFileName:C:\Program Files (x86)\Common Files\Adobe\TypeSupport\CS6\CMaps\UniCNS-UTF8-V
FileLength:3159
FileModTime:1326959966
%EndFont

%BeginFont
Handler:DirectoryHandler
FontType:CMap
CMapName:UniGB-UCS2-H
Registry:Adobe
Ordering:GB1
OutlineFileName:C:\Program Files (x86)\Common Files\Adobe\TypeSupport\CS6\CMaps\UniGB-UCS2-H
FileLength:288773
FileModTime:1326959966
%EndFont

%BeginFont
Handler:DirectoryHandler
FontType:CMap
CMapName:UniGB-UCS2-V
Registry:Adobe
Ordering:GB1
UseCMap:UniGB-UCS2-H
OutlineFileName:C:\Program Files (x86)\Common Files\Adobe\TypeSupport\CS6\CMaps\UniGB-UCS2-V
FileLength:3337
FileModTime:1326959966
%EndFont

%BeginFont
Handler:DirectoryHandler
FontType:CMap
CMapName:UniGB-UTF16-H
Registry:Adobe
Ordering:GB1
OutlineFileName:C:\Program Files (x86)\Common Files\Adobe\TypeSupport\CS6\CMaps\UniGB-UTF16-H
FileLength:214372
FileModTime:1326959966
%EndFont

%BeginFont
Handler:DirectoryHandler
FontType:CMap
CMapName:UniGB-UTF16-V
Registry:Adobe
Ordering:GB1
UseCMap:UniGB-UTF16-H
OutlineFileName:C:\Program Files (x86)\Common Files\Adobe\TypeSupport\CS6\CMaps\UniGB-UTF16-V
FileLength:3234
FileModTime:1326959966
%EndFont

%BeginFont
Handler:DirectoryHandler
FontType:CMap
CMapName:UniGB-UTF32-H
Registry:Adobe
Ordering:GB1
OutlineFileName:C:\Program Files (x86)\Common Files\Adobe\TypeSupport\CS6\CMaps\UniGB-UTF32-H
FileLength:282274
FileModTime:1326959966
%EndFont

%BeginFont
Handler:DirectoryHandler
FontType:CMap
CMapName:UniGB-UTF32-V
Registry:Adobe
Ordering:GB1
UseCMap:UniGB-UTF32-H
OutlineFileName:C:\Program Files (x86)\Common Files\Adobe\TypeSupport\CS6\CMaps\UniGB-UTF32-V
FileLength:3350
FileModTime:1326959966
%EndFont

%BeginFont
Handler:DirectoryHandler
FontType:CMap
CMapName:UniGB-UTF8-H
Registry:Adobe
Ordering:GB1
OutlineFileName:C:\Program Files (x86)\Common Files\Adobe\TypeSupport\CS6\CMaps\UniGB-UTF8-H
FileLength:252416
FileModTime:1326959966
%EndFont

%BeginFont
Handler:DirectoryHandler
FontType:CMap
CMapName:UniGB-UTF8-V
Registry:Adobe
Ordering:GB1
UseCMap:UniGB-UTF8-H
OutlineFileName:C:\Program Files (x86)\Common Files\Adobe\TypeSupport\CS6\CMaps\UniGB-UTF8-V
FileLength:3288
FileModTime:1326959966
%EndFont

%BeginFont
Handler:DirectoryHandler
FontType:CMap
CMapName:UniHojo-UCS2-H
Registry:Adobe
Ordering:Japan2
OutlineFileName:C:\Program Files (x86)\Common Files\Adobe\TypeSupport\CS6\CMaps\UniHojo-UCS2-H
FileLength:88097
FileModTime:1326959966
%EndFont

%BeginFont
Handler:DirectoryHandler
FontType:CMap
CMapName:UniHojo-UCS2-V
Registry:Adobe
Ordering:Japan2
UseCMap:UniHojo-UCS2-H
OutlineFileName:C:\Program Files (x86)\Common Files\Adobe\TypeSupport\CS6\CMaps\UniHojo-UCS2-V
FileLength:2858
FileModTime:1326959966
%EndFont

%BeginFont
Handler:DirectoryHandler
FontType:CMap
CMapName:UniHojo-UTF16-H
Registry:Adobe
Ordering:Japan2
OutlineFileName:C:\Program Files (x86)\Common Files\Adobe\TypeSupport\CS6\CMaps\UniHojo-UTF16-H
FileLength:67485
FileModTime:1326959966
%EndFont

%BeginFont
Handler:DirectoryHandler
FontType:CMap
CMapName:UniHojo-UTF16-V
Registry:Adobe
Ordering:Japan2
UseCMap:UniHojo-UTF16-H
OutlineFileName:C:\Program Files (x86)\Common Files\Adobe\TypeSupport\CS6\CMaps\UniHojo-UTF16-V
FileLength:2864
FileModTime:1326959966
%EndFont

%BeginFont
Handler:DirectoryHandler
FontType:CMap
CMapName:UniHojo-UTF32-H
Registry:Adobe
Ordering:Japan2
OutlineFileName:C:\Program Files (x86)\Common Files\Adobe\TypeSupport\CS6\CMaps\UniHojo-UTF32-H
FileLength:89352
FileModTime:1326959966
%EndFont

%BeginFont
Handler:DirectoryHandler
FontType:CMap
CMapName:UniHojo-UTF32-V
Registry:Adobe
Ordering:Japan2
UseCMap:UniHojo-UTF32-H
OutlineFileName:C:\Program Files (x86)\Common Files\Adobe\TypeSupport\CS6\CMaps\UniHojo-UTF32-V
FileLength:2864
FileModTime:1326959966
%EndFont

%BeginFont
Handler:DirectoryHandler
FontType:CMap
CMapName:UniHojo-UTF8-H
Registry:Adobe
Ordering:Japan2
OutlineFileName:C:\Program Files (x86)\Common Files\Adobe\TypeSupport\CS6\CMaps\UniHojo-UTF8-H
FileLength:78261
FileModTime:1326959966
%EndFont

%BeginFont
Handler:DirectoryHandler
FontType:CMap
CMapName:UniHojo-UTF8-V
Registry:Adobe
Ordering:Japan2
UseCMap:UniHojo-UTF8-H
OutlineFileName:C:\Program Files (x86)\Common Files\Adobe\TypeSupport\CS6\CMaps\UniHojo-UTF8-V
FileLength:2860
FileModTime:1326959966
%EndFont

%BeginFont
Handler:DirectoryHandler
FontType:CMap
CMapName:UniJIS-UCS2-H
Registry:Adobe
Ordering:Japan1
OutlineFileName:C:\Program Files (x86)\Common Files\Adobe\TypeSupport\CS6\CMaps\UniJIS-UCS2-H
FileLength:177536
FileModTime:1326959968
%EndFont

%BeginFont
Handler:DirectoryHandler
FontType:CMap
CMapName:UniJIS-UCS2-HW-H
Registry:Adobe
Ordering:Japan1
UseCMap:UniJIS-UCS2-H
OutlineFileName:C:\Program Files (x86)\Common Files\Adobe\TypeSupport\CS6\CMaps\UniJIS-UCS2-HW-H
FileLength:2970
FileModTime:1326959968
%EndFont

%BeginFont
Handler:DirectoryHandler
FontType:CMap
CMapName:UniJIS-UCS2-HW-V
Registry:Adobe
Ordering:Japan1
UseCMap:UniJIS-UCS2-H
OutlineFileName:C:\Program Files (x86)\Common Files\Adobe\TypeSupport\CS6\CMaps\UniJIS-UCS2-HW-V
FileLength:6939
FileModTime:1326959968
%EndFont

%BeginFont
Handler:DirectoryHandler
FontType:CMap
CMapName:UniJIS-UCS2-V
Registry:Adobe
Ordering:Japan1
UseCMap:UniJIS-UCS2-H
OutlineFileName:C:\Program Files (x86)\Common Files\Adobe\TypeSupport\CS6\CMaps\UniJIS-UCS2-V
FileLength:6853
FileModTime:1326959968
%EndFont

%BeginFont
Handler:DirectoryHandler
FontType:CMap
CMapName:UniJIS-UTF16-H
Registry:Adobe
Ordering:Japan1
OutlineFileName:C:\Program Files (x86)\Common Files\Adobe\TypeSupport\CS6\CMaps\UniJIS-UTF16-H
FileLength:202123
FileModTime:1326959968
%EndFont

%BeginFont
Handler:DirectoryHandler
FontType:CMap
CMapName:UniJIS-UTF16-V
Registry:Adobe
Ordering:Japan1
UseCMap:UniJIS-UTF16-H
OutlineFileName:C:\Program Files (x86)\Common Files\Adobe\TypeSupport\CS6\CMaps\UniJIS-UTF16-V
FileLength:6061
FileModTime:1326959968
%EndFont

%BeginFont
Handler:DirectoryHandler
FontType:CMap
CMapName:UniJIS-UTF32-H
Registry:Adobe
Ordering:Japan1
OutlineFileName:C:\Program Files (x86)\Common Files\Adobe\TypeSupport\CS6\CMaps\UniJIS-UTF32-H
FileLength:259193
FileModTime:1326959968
%EndFont

%BeginFont
Handler:DirectoryHandler
FontType:CMap
CMapName:UniJIS-UTF32-V
Registry:Adobe
Ordering:Japan1
UseCMap:UniJIS-UTF32-H
OutlineFileName:C:\Program Files (x86)\Common Files\Adobe\TypeSupport\CS6\CMaps\UniJIS-UTF32-V
FileLength:7069
FileModTime:1326959968
%EndFont

%BeginFont
Handler:DirectoryHandler
FontType:CMap
CMapName:UniJIS-UTF8-H
Registry:Adobe
Ordering:Japan1
OutlineFileName:C:\Program Files (x86)\Common Files\Adobe\TypeSupport\CS6\CMaps\UniJIS-UTF8-H
FileLength:230350
FileModTime:1326959968
%EndFont

%BeginFont
Handler:DirectoryHandler
FontType:CMap
CMapName:UniJIS-UTF8-V
Registry:Adobe
Ordering:Japan1
UseCMap:UniJIS-UTF8-H
OutlineFileName:C:\Program Files (x86)\Common Files\Adobe\TypeSupport\CS6\CMaps\UniJIS-UTF8-V
FileLength:6575
FileModTime:1326959968
%EndFont

%BeginFont
Handler:DirectoryHandler
FontType:CMap
CMapName:UniJIS2004-UTF16-H
Registry:Adobe
Ordering:Japan1
OutlineFileName:C:\Program Files (x86)\Common Files\Adobe\TypeSupport\CS6\CMaps\UniJIS2004-UTF16-H
FileLength:202206
FileModTime:1326959968
%EndFont

%BeginFont
Handler:DirectoryHandler
FontType:CMap
CMapName:UniJIS2004-UTF16-V
Registry:Adobe
Ordering:Japan1
UseCMap:UniJIS2004-UTF16-H
OutlineFileName:C:\Program Files (x86)\Common Files\Adobe\TypeSupport\CS6\CMaps\UniJIS2004-UTF16-V
FileLength:6085
FileModTime:1326959968
%EndFont

%BeginFont
Handler:DirectoryHandler
FontType:CMap
CMapName:UniJIS2004-UTF32-H
Registry:Adobe
Ordering:Japan1
OutlineFileName:C:\Program Files (x86)\Common Files\Adobe\TypeSupport\CS6\CMaps\UniJIS2004-UTF32-H
FileLength:259276
FileModTime:1326959968
%EndFont

%BeginFont
Handler:DirectoryHandler
FontType:CMap
CMapName:UniJIS2004-UTF32-V
Registry:Adobe
Ordering:Japan1
UseCMap:UniJIS2004-UTF32-H
OutlineFileName:C:\Program Files (x86)\Common Files\Adobe\TypeSupport\CS6\CMaps\UniJIS2004-UTF32-V
FileLength:7093
FileModTime:1326959968
%EndFont

%BeginFont
Handler:DirectoryHandler
FontType:CMap
CMapName:UniJIS2004-UTF8-H
Registry:Adobe
Ordering:Japan1
OutlineFileName:C:\Program Files (x86)\Common Files\Adobe\TypeSupport\CS6\CMaps\UniJIS2004-UTF8-H
FileLength:230432
FileModTime:1326959968
%EndFont

%BeginFont
Handler:DirectoryHandler
FontType:CMap
CMapName:UniJIS2004-UTF8-V
Registry:Adobe
Ordering:Japan1
UseCMap:UniJIS2004-UTF8-H
OutlineFileName:C:\Program Files (x86)\Common Files\Adobe\TypeSupport\CS6\CMaps\UniJIS2004-UTF8-V
FileLength:6597
FileModTime:1326959968
%EndFont

%BeginFont
Handler:DirectoryHandler
FontType:CMap
CMapName:UniJISB-UCS2-H
Registry:Adobe
Ordering:Japan1
OutlineFileName:C:\Program Files (x86)\Common Files\Adobe\TypeSupport\CS6\CMaps\UniJISB-UCS2-H
FileLength:141945
FileModTime:1326959972
%EndFont

%BeginFont
Handler:DirectoryHandler
FontType:CMap
CMapName:UniJISPro-UCS2-HW-V
Registry:Adobe
Ordering:Japan1
UseCMap:UniJIS-UCS2-H
OutlineFileName:C:\Program Files (x86)\Common Files\Adobe\TypeSupport\CS6\CMaps\UniJISPro-UCS2-HW-V
FileLength:7085
FileModTime:1326959968
%EndFont

%BeginFont
Handler:DirectoryHandler
FontType:CMap
CMapName:UniJISPro-UCS2-V
Registry:Adobe
Ordering:Japan1
UseCMap:UniJIS-UCS2-H
OutlineFileName:C:\Program Files (x86)\Common Files\Adobe\TypeSupport\CS6\CMaps\UniJISPro-UCS2-V
FileLength:6967
FileModTime:1326959968
%EndFont

%BeginFont
Handler:DirectoryHandler
FontType:CMap
CMapName:UniJISPro-UTF8-V
Registry:Adobe
Ordering:Japan1
UseCMap:UniJIS-UTF8-H
OutlineFileName:C:\Program Files (x86)\Common Files\Adobe\TypeSupport\CS6\CMaps\UniJISPro-UTF8-V
FileLength:7820
FileModTime:1326959968
%EndFont

%BeginFont
Handler:DirectoryHandler
FontType:CMap
CMapName:UniJISX0213-UTF32-H
Registry:Adobe
Ordering:Japan1
OutlineFileName:C:\Program Files (x86)\Common Files\Adobe\TypeSupport\CS6\CMaps\UniJISX0213-UTF32-H
FileLength:259177
FileModTime:1326959968
%EndFont

%BeginFont
Handler:DirectoryHandler
FontType:CMap
CMapName:UniJISX0213-UTF32-V
Registry:Adobe
Ordering:Japan1
UseCMap:UniJISX0213-UTF32-H
OutlineFileName:C:\Program Files (x86)\Common Files\Adobe\TypeSupport\CS6\CMaps\UniJISX0213-UTF32-V
FileLength:7121
FileModTime:1326959968
%EndFont

%BeginFont
Handler:DirectoryHandler
FontType:CMap
CMapName:UniJISX02132004-UTF32-H
Registry:Adobe
Ordering:Japan1
OutlineFileName:C:\Program Files (x86)\Common Files\Adobe\TypeSupport\CS6\CMaps\UniJISX02132004-UTF32-H
FileLength:259260
FileModTime:1326959968
%EndFont

%BeginFont
Handler:DirectoryHandler
FontType:CMap
CMapName:UniJISX02132004-UTF32-V
Registry:Adobe
Ordering:Japan1
UseCMap:UniJISX02132004-UTF32-H
OutlineFileName:C:\Program Files (x86)\Common Files\Adobe\TypeSupport\CS6\CMaps\UniJISX02132004-UTF32-V
FileLength:7145
FileModTime:1326959968
%EndFont

%BeginFont
Handler:DirectoryHandler
FontType:CMap
CMapName:UniKS-UCS2-H
Registry:Adobe
Ordering:Korea1
OutlineFileName:C:\Program Files (x86)\Common Files\Adobe\TypeSupport\CS6\CMaps\UniKS-UCS2-H
FileLength:174803
FileModTime:1326959970
%EndFont

%BeginFont
Handler:DirectoryHandler
FontType:CMap
CMapName:UniKS-UCS2-V
Registry:Adobe
Ordering:Korea1
UseCMap:UniKS-UCS2-H
OutlineFileName:C:\Program Files (x86)\Common Files\Adobe\TypeSupport\CS6\CMaps\UniKS-UCS2-V
FileLength:3240
FileModTime:1326959970
%EndFont

%BeginFont
Handler:DirectoryHandler
FontType:CMap
CMapName:UniKS-UTF16-H
Registry:Adobe
Ordering:Korea1
OutlineFileName:C:\Program Files (x86)\Common Files\Adobe\TypeSupport\CS6\CMaps\UniKS-UTF16-H
FileLength:131876
FileModTime:1326959970
%EndFont

%BeginFont
Handler:DirectoryHandler
FontType:CMap
CMapName:UniKS-UTF16-V
Registry:Adobe
Ordering:Korea1
UseCMap:UniKS-UTF16-H
OutlineFileName:C:\Program Files (x86)\Common Files\Adobe\TypeSupport\CS6\CMaps\UniKS-UTF16-V
FileLength:3198
FileModTime:1326959970
%EndFont

%BeginFont
Handler:DirectoryHandler
FontType:CMap
CMapName:UniKS-UTF32-H
Registry:Adobe
Ordering:Korea1
OutlineFileName:C:\Program Files (x86)\Common Files\Adobe\TypeSupport\CS6\CMaps\UniKS-UTF32-H
FileLength:173938
FileModTime:1326959970
%EndFont

%BeginFont
Handler:DirectoryHandler
FontType:CMap
CMapName:UniKS-UTF32-V
Registry:Adobe
Ordering:Korea1
UseCMap:UniKS-UTF32-H
OutlineFileName:C:\Program Files (x86)\Common Files\Adobe\TypeSupport\CS6\CMaps\UniKS-UTF32-V
FileLength:3298
FileModTime:1326959970
%EndFont

%BeginFont
Handler:DirectoryHandler
FontType:CMap
CMapName:UniKS-UTF8-H
Registry:Adobe
Ordering:Korea1
OutlineFileName:C:\Program Files (x86)\Common Files\Adobe\TypeSupport\CS6\CMaps\UniKS-UTF8-H
FileLength:154875
FileModTime:1326959970
%EndFont

%BeginFont
Handler:DirectoryHandler
FontType:CMap
CMapName:UniKS-UTF8-V
Registry:Adobe
Ordering:Korea1
UseCMap:UniKS-UTF8-H
OutlineFileName:C:\Program Files (x86)\Common Files\Adobe\TypeSupport\CS6\CMaps\UniKS-UTF8-V
FileLength:3244
FileModTime:1326959970
%EndFont

%BeginFont
Handler:DirectoryHandler
FontType:CMap
CMapName:V
Registry:Adobe
Ordering:Japan1
UseCMap:H
OutlineFileName:C:\Program Files (x86)\Common Files\Adobe\TypeSupport\CS6\CMaps\V
FileLength:3373
FileModTime:1326959970
%EndFont

%BeginFont
Handler:DirectoryHandler
FontType:CMap
CMapName:WP-Symbol
Registry:Adobe
Ordering:Japan1
OutlineFileName:C:\Program Files (x86)\Common Files\Adobe\TypeSupport\CS6\CMaps\WP-Symbol
FileLength:3267
FileModTime:1326959970
%EndFont

